<html>
<body>
<pre>
<h1>礦ision Build Log</h1>
<h2>Tool Versions:</h2>
IDE-Version: μVision V5.12.0.0
Copyright (C) 2014 ARM Ltd and ARM Germany GmbH. All rights reserved.
License Information: xie Microsoft, Microsoft, LIC=UB4HL-0PJBS-RFFIZ-JHA47-BCKL1-64JP7
 
Tool Versions:
Toolchain:       MDK-ARM Professional  Version: 5.12.0.0
Toolchain Path:  C:\Keil_v5\ARM\ARMCC\Bin
C Compiler:      Armcc.exe V5.05 (build 41)
Assembler:       Armasm.exe V5.05 (build 41)
Linker/Locator:  ArmLink.exe V5.05 (build 41)
Library Manager: ArmAr.exe V5.05 (build 41)
Hex Converter:   FromElf.exe V5.05 (build 41)
CPU DLL:         SARMCM3.DLL V5.12.0.0
Dialog DLL:      DCM.DLL V1.13.0.0
    Target DLL: Segger\JL2CM3.dll
Dialog DLL:      TCM.DLL V1.14.2.0
 
<h2>Project:</h2>
E:\xjx\---ing\RS232\backup-2016.01.29通用RS232网关\通用RS232网关\Trunk\Project\RS232.uvprojx
Project File Date:  03/30/2016

<h2>Output:</h2>
Rebuild target 'Traget'
compiling system_stm32f10x.c...
assembling startup_stm32f10x_md.s...
compiling DeviceReset.c...
compiling Flash.c...
compiling Gpio.c...
compiling I2C.C...
compiling Instruct.c...
compiling Program.c...
compiling SI4432.c...
compiling SPI.c...
compiling Sys.c...
compiling SysHard.c...
compiling SysTick.c...
compiling Test.c...
compiling Usart.c...
compiling WDG.c...
compiling FlashSizeFlag.c...
compiling main.c...
compiling UnitCfg.c...
compiling USARTx.c...
compiling RS232Unit.c...
compiling RS232Attr.c...
linking...
Program Size: Code=27112 RO-data=1504 RW-data=148 ZI-data=9204  
FromELF: creating hex file...
"..\Output\RS232_A.axf" - 0 Error(s), 0 Warning(s).

<h2>Collection of Component include folders:</h2>
  E:\xjx\---ing\RS232\backup-2016.01.29通用RS232网关\通用RS232网关\Trunk\Project\RTE
  C:\Keil_v5\ARM\PACK\Keil\STM32F1xx_DFP\1.0.2\Device\Include

<h2>Collection of Component Files used:</h2>
</pre>
</body>
</html>
