Component: ARM Compiler 5.05 (build 41) Tool: armlink [4d0eb9]

==============================================================================

Section Cross References

    system_stm32f10x.o(.text) refers to system_stm32f10x.o(.data) for SystemCoreClock
    startup_stm32f10x_md.o(STACK) refers (Special) to heapauxi.o(.text) for __use_two_region_memory
    startup_stm32f10x_md.o(HEAP) refers (Special) to heapauxi.o(.text) for __use_two_region_memory
    startup_stm32f10x_md.o(RESET) refers (Special) to heapauxi.o(.text) for __use_two_region_memory
    startup_stm32f10x_md.o(RESET) refers to startup_stm32f10x_md.o(STACK) for __initial_sp
    startup_stm32f10x_md.o(RESET) refers to startup_stm32f10x_md.o(.text) for Reset_Handler
    startup_stm32f10x_md.o(RESET) refers to systick.o(.text) for SysTick_Handler
    startup_stm32f10x_md.o(RESET) refers to usart.o(.text) for USART1_IRQHandler
    startup_stm32f10x_md.o(RESET) refers to usartx.o(.text) for USART2_IRQHandler
    startup_stm32f10x_md.o(RESET) refers to si4432.o(.text) for EXTI15_10_IRQHandler
    startup_stm32f10x_md.o(.text) refers (Special) to heapauxi.o(.text) for __use_two_region_memory
    startup_stm32f10x_md.o(.text) refers to system_stm32f10x.o(.text) for SystemInit
    startup_stm32f10x_md.o(.text) refers to __main.o(!!!main) for __main
    startup_stm32f10x_md.o(.text) refers to startup_stm32f10x_md.o(HEAP) for Heap_Mem
    startup_stm32f10x_md.o(.text) refers to startup_stm32f10x_md.o(STACK) for Stack_Mem
    attrencrypt .o(.text) refers to thread.o(.text) for Thread_Login
    attrencrypt .o(.text) refers to attrencrypt .o(.data) for EncryptFlag
    cmdprocess.o(.text) refers to systick.o(.text) for UpdateRandomTime
    cmdprocess.o(.text) refers to object.o(.text) for ShortObject_Check
    cmdprocess.o(.text) refers to unitcfg.o(.text) for UnitCnt_Get
    cmdprocess.o(.text) refers to upload.o(.text) for Upload
    cmdprocess.o(.text) refers to dlyattrprocess.o(.text) for DlyMsgFilterProcess
    cmdprocess.o(.text) refers to bestfulib.o(.text) for memmove
    cmdprocess.o(.text) refers to command.o(.text) for Get_Encrypt433Flag
    cmdprocess.o(.text) refers to dataencrypt.o(.text) for DecryptData
    cmdprocess.o(.text) refers to instruct.o(.text) for Instruct
    cmdprocess.o(.text) refers to msgpackage.o(.text) for Msg_Feedback
    cmdprocess.o(.text) refers to fifo.o(.text) for fifo_Init
    cmdprocess.o(.text) refers to thread.o(.text) for Thread_Login
    cmdprocess.o(.text) refers to object.o(.data) for DelayID
    cmdprocess.o(.text) refers to userdata.o(.bss) for gSysData
    cmdprocess.o(.text) refers to cmdprocess.o(.bss) for send_433
    cmdprocess.o(.text) refers to unitcfg.o(.constdata) for UnitTab
    cmdprocess.o(.text) refers to unitcfg.o(.bss) for gUnitData
    cmdprocess.o(.text) refers to command.o(.constdata) for TailCMD
    cmdprocess.o(.text) refers to si4432.o(.text) for Si4432_Send
    command.o(.text) refers to updata.o(.text) for Get_433EncryptFlag
    command.o(.text) refers to fifo.o(.text) for fifo_puts
    command.o(.text) refers to crc.o(.text) for ChkCrcValue
    command.o(.text) refers to bestfulib.o(.text) for memmove
    command.o(.text) refers to command.o(.data) for Encrypt433_Flag
    command.o(.text) refers to command.o(.constdata) for HeadCMD
    command.o(.text) refers to dataencrypt.o(.text) for EncryptData
    crc.o(.text) refers to crc.o(.constdata) for CRCTable
    delay.o(.text) refers to wdg.o(.text) for WDG_Feed
    dlyattrprocess.o(.text) refers to unitcfg.o(.text) for UnitCnt_Get
    dlyattrprocess.o(.text) refers to bestfulib.o(.text) for memcpy
    dlyattrprocess.o(.text) refers to timehandle.o(.text) for TransformTimePara
    dlyattrprocess.o(.text) refers to wdg.o(.text) for WDG_Feed
    dlyattrprocess.o(.text) refers to unitcfg.o(.constdata) for UnitTab
    dlyattrprocess.o(.text) refers to dlyattrprocess.o(.data) for pDlyExeNode
    dlyattrprocess.o(.text) refers to thread.o(.text) for Thread_Login
    dlyattrprocess.o(.text) refers to dlyattrprocess.o(.bss) for DlyExeNode
    dlyattrprocess.o(.data) refers to dlyattrprocess.o(.bss) for DlyExeNode
    eeprom.o(.text) refers to i2c.o(.text) for IIC_Read
    eeprom.o(.text) refers to faultmanage.o(.text) for Fault_Upload
    faultmanage.o(.text) refers to upload.o(.text) for Upload_Fault
    faultmanage.o(.text) refers to thread.o(.text) for Thread_Logout
    faultmanage.o(.text) refers to wdg.o(.text) for WDG_FeedOFF
    faultmanage.o(.text) refers to userdata.o(.text) for FaultData_Save
    faultmanage.o(.text) refers to instruct.o(.text) for Instruct_Run
    fifo.o(.text) refers to bestfulib.o(.text) for memcpy
    flashattr.o(.text) refers to wdg.o(.text) for WDG_Feed
    flashattr.o(.text) refers to updata.o(.text) for Updata_Check
    flashattr.o(.text) refers to thread.o(.text) for Thread_Login
    flashattr.o(.text) refers to flashattr.o(.data) for Version
    flashattr.o(.text) refers to si4432.o(.text) for Si4432_Init
[...]
    .text                                    0x080058ec   Section        0  upload.o(.text)
    FaultMsg                                 0x080058ed   Thumb Code    16  upload.o(.text)
    Upload_Attr                              0x080058fd   Thumb Code   118  upload.o(.text)
    Upload_Idle                              0x08005973   Thumb Code    52  upload.o(.text)
    .text                                    0x08005bcc   Section        0  userdata.o(.text)
    SceneEEPROMData_Init                     0x08005bcd   Thumb Code    42  userdata.o(.text)
    SceneEEPROMData_ClrEx                    0x080061a3   Thumb Code    82  userdata.o(.text)
    SceneEEPROMData_Clr                      0x080061f5   Thumb Code    86  userdata.o(.text)
    SceneEEPROMTimeFlag_Clr                  0x080062e1   Thumb Code    52  userdata.o(.text)
    SceneEEPROMSave_Addr                     0x08006363   Thumb Code    60  userdata.o(.text)
    SceneEEPROMData_Save                     0x0800639f   Thumb Code    20  userdata.o(.text)
    SceneEEPROMSave_Seat                     0x080063b3   Thumb Code    32  userdata.o(.text)
    SceneEEPROMData_Seat                     0x080063d3   Thumb Code   126  userdata.o(.text)
    SceneDlyTimeEEPROM_Set                   0x080066a5   Thumb Code   278  userdata.o(.text)
    .text                                    0x080069dc   Section        0  userdatadownload.o(.text)
    .text                                    0x08006be4   Section        0  devicereset.o(.text)
    Reset_Check                              0x08006be5   Thumb Code    84  devicereset.o(.text)
    .text                                    0x08006c68   Section        0  flash.o(.text)
    Flash_EOP                                0x08006c83   Thumb Code    24  flash.o(.text)
    Flash_Status                             0x08006c9b   Thumb Code    50  flash.o(.text)
    .text                                    0x08006e78   Section        0  gpio.o(.text)
    .text                                    0x08006f1c   Section        0  i2c.o(.text)
    Delay_nNOP                               0x08006f1d   Thumb Code    26  i2c.o(.text)
    I2C_Start                                0x08006f5f   Thumb Code    48  i2c.o(.text)
    I2C_Stop                                 0x08006f8f   Thumb Code    46  i2c.o(.text)
    I2C_ACK                                  0x08006fbd   Thumb Code    68  i2c.o(.text)
    I2C_WaitAck                              0x08007001   Thumb Code   132  i2c.o(.text)
    I2C_SendB_Ack                            0x08007085   Thumb Code    98  i2c.o(.text)
    I2C_RecvB_Ack                            0x080070e7   Thumb Code   136  i2c.o(.text)
    .text                                    0x080072bc   Section        0  instruct.o(.text)
    .text                                    0x080073e8   Section        0  program.o(.text)
    .text                                    0x080075fc   Section        0  si4432.o(.text)
    Signal_Run                               0x080075fd   Thumb Code    14  si4432.o(.text)
    Si4332_Signal_Insturct                   0x0800760b   Thumb Code    58  si4432.o(.text)
    SPI_RW_Reg                               0x0800765d   Thumb Code    44  si4432.o(.text)
    Si4432_PortInit                          0x08007689   Thumb Code   104  si4432.o(.text)
    Si4432_ChannelInit                       0x080076f1   Thumb Code    42  si4432.o(.text)
    SI4432_SendEn                            0x0800771b   Thumb Code     8  si4432.o(.text)
    SetMode_RX                               0x08007723   Thumb Code    80  si4432.o(.text)
    Si4432_Fault                             0x080077b9   Thumb Code    16  si4432.o(.text)
    Si4432_Threshold                         0x080077c9   Thumb Code   294  si4432.o(.text)
    SetMode_TX                               0x08007bb3   Thumb Code    28  si4432.o(.text)
    SI4432_Send_All_Data                     0x08007bcf   Thumb Code   168  si4432.o(.text)
    Sign433Data_Process                      0x08007c77   Thumb Code   146  si4432.o(.text)
    RecDataToFifo                            0x08007d09   Thumb Code   464  si4432.o(.text)
    Check_433M_Busy                          0x08007ef3   Thumb Code   162  si4432.o(.text)
    .text                                    0x0800800c   Section        0  spi.o(.text)
    .text                                    0x08008144   Section        0  sys.o(.text)
    .text                                    0x080082b8   Section        0  syshard.o(.text)
    .text                                    0x080083bc   Section        0  systick.o(.text)
    .text                                    0x0800842c   Section        0  test.o(.text)
    .text                                    0x0800848c   Section        0  usart.o(.text)
    .text                                    0x080085a0   Section        0  wdg.o(.text)
    .text                                    0x08008614   Section        0  flashsizeflag.o(.text)
    .text                                    0x08008624   Section        0  main.o(.text)
    .text                                    0x08008670   Section        0  unitcfg.o(.text)
    .text                                    0x080086b0   Section        0  usartx.o(.text)
    .text                                    0x080089e4   Section        0  rs232unit.o(.text)
    .text                                    0x08008bf8   Section        0  rs232attr.o(.text)
    .text                                    0x08008d5c   Section        0  dataencrypt.o(.text)
    KeyEncodeSwapBits                        0x08008d5d   Thumb Code    60  dataencrypt.o(.text)
    KeyEncodeXor                             0x08008d99   Thumb Code    26  dataencrypt.o(.text)
    KeyEncodeShift                           0x08008db3   Thumb Code   402  dataencrypt.o(.text)
    KeyEncode                                0x08008f45   Thumb Code   142  dataencrypt.o(.text)
    DataFieldEncodeOrDecode                  0x08008fd3   Thumb Code    32  dataencrypt.o(.text)
    CheckDataFieldCRC                        0x08008ff3   Thumb Code    24  dataencrypt.o(.text)
    GetEncodeFromKey                         0x0800900b   Thumb Code    48  dataencrypt.o(.text)
    .text                                    0x08009118   Section       78  rt_memclr_w.o(.text)
    .text                                    0x08009166   Section        0  heapauxi.o(.text)
    .text                                    0x0800916c   Section       74  sys_stackheap_outer.o(.text)
    .text                                    0x080091b6   Section        0  exit.o(.text)
    .text                                    0x080091c4   Section        8  libspace.o(.text)
    .text                                    0x080091cc   Section        0  sys_exit.o(.text)
    .text                                    0x080091d8   Section        2  use_no_semi.o(.text)
    .text                                    0x080091da   Section        0  indicate_semi.o(.text)
    i.DecryptionFlash                        0x080091dc   Section        0  scene&group.o(i.DecryptionFlash)
    x$fpl$dadd                               0x08009220   Section      336  daddsub_clz.o(x$fpl$dadd)
    _dadd1                                   0x08009231   Thumb Code     0  daddsub_clz.o(x$fpl$dadd)
    x$fpl$dfixu                              0x08009370   Section       90  dfixu.o(x$fpl$dfixu)
    x$fpl$dflt                               0x080093ca   Section       46  dflt_clz.o(x$fpl$dflt)
    x$fpl$dfltu                              0x080093f8   Section       38  dflt_clz.o(x$fpl$dfltu)
    x$fpl$dmul                               0x08009420   Section      340  dmul.o(x$fpl$dmul)
    x$fpl$dnaninf                            0x08009574   Section      156  dnaninf.o(x$fpl$dnaninf)
    x$fpl$dretinf                            0x08009610   Section       12  dretinf.o(x$fpl$dretinf)
    x$fpl$dsub                               0x0800961c   Section      468  daddsub_clz.o(x$fpl$dsub)
    _dsub1                                   0x0800962d   Thumb Code     0  daddsub_clz.o(x$fpl$dsub)
    .constdata                               0x080097f0   Section       12  command.o(.constdata)
    x$fpl$usenofp                            0x080097f0   Section        0  usenofp.o(x$fpl$usenofp)
    .constdata                               0x080097fc   Section      512  crc.o(.constdata)
    .constdata                               0x080099fc   Section      820  sysexeattr.o(.constdata)
    .constdata                               0x08009d30   Section        8  program.o(.constdata)
    .constdata                               0x08009d38   Section       30  si4432.o(.constdata)
    randWait_Tab                             0x08009d4e   Data           8  si4432.o(.constdata)
    .constdata                               0x08009d56   Section       23  flashsizeflag.o(.constdata)
    .constdata                               0x08009d70   Section       40  unitcfg.o(.constdata)
    .constdata                               0x08009d98   Section       80  rs232attr.o(.constdata)
    .constdata                               0x08009de8   Section       16  dataencrypt.o(.constdata)
    .data                                    0x20000000   Section       20  system_stm32f10x.o(.data)
    .data                                    0x20000014   Section        1  command.o(.data)
    Encrypt433_Flag                          0x20000014   Data           1  command.o(.data)
    .data                                    0x20000018   Section        5  dlyattrprocess.o(.data)
    pDlyExeNode                              0x20000018   Data           4  dlyattrprocess.o(.data)
    xNodeHasBeenInitialised                  0x2000001c   Data           1  dlyattrprocess.o(.data)
    .data                                    0x2000001d   Section        2  flashattr.o(.data)
    UPDATA_LEVEL                             0x2000001d   Data           1  flashattr.o(.data)
    Version                                  0x2000001e   Data           1  flashattr.o(.data)
    .data                                    0x20000020   Section        5  object.o(.data)
    seat                                     0x20000024   Data           1  object.o(.data)
    .data                                    0x20000025   Section        5  scene&group.o(.data)
    .data                                    0x2000002a   Section        2  sign433.o(.data)
    SendCount                                0x2000002b   Data           1  sign433.o(.data)
    .data                                    0x2000002c   Section        5  updata.o(.data)
    .data                                    0x20000031   Section        1  upload.o(.data)
    Fault                                    0x20000031   Data           1  upload.o(.data)
    .data                                    0x20000032   Section        1  userdata.o(.data)
    cnt                                      0x20000032   Data           1  userdata.o(.data)
    .data                                    0x20000034   Section        4  devicereset.o(.data)
    cnt                                      0x20000034   Data           4  devicereset.o(.data)
    .data                                    0x20000038   Section        4  instruct.o(.data)
    cnt                                      0x20000038   Data           1  instruct.o(.data)
    cnt                                      0x2000003a   Data           2  instruct.o(.data)
    .data                                    0x2000003c   Section       24  si4432.o(.data)
    SI4432_RSSI                              0x2000003c   Data           1  si4432.o(.data)
    SI4432SendEn                             0x2000003d   Data           1  si4432.o(.data)
    Threshold                                0x2000003e   Data           1  si4432.o(.data)
    seat                                     0x20000040   Data           1  si4432.o(.data)
    busyTime                                 0x20000042   Data           2  si4432.o(.data)
    idleTime                                 0x20000044   Data           2  si4432.o(.data)
    rand                                     0x20000046   Data           2  si4432.o(.data)
    buf                                      0x20000048   Data           4  si4432.o(.data)
    time                                     0x2000004c   Data           4  si4432.o(.data)
    calculTime                               0x20000050   Data           4  si4432.o(.data)
    .data                                    0x20000054   Section        8  systick.o(.data)
    timer                                    0x20000054   Data           4  systick.o(.data)
    RandTime                                 0x20000058   Data           4  systick.o(.data)
    .data                                    0x2000005c   Section        4  test.o(.data)
    .data                                    0x20000060   Section       70  usartx.o(.data)
    cnt                                      0x200000a5   Data           1  usartx.o(.data)
    .data                                    0x200000a6   Section        1  rs232unit.o(.data)
    .data                                    0x200000a7   Section        8  dataencrypt.o(.data)
    DevMac                                   0x200000a7   Data           4  dataencrypt.o(.data)
    ActiveKey                                0x200000ab   Data           4  dataencrypt.o(.data)
    .bss                                     0x200000b0   Section     3456  cmdprocess.o(.bss)
    sendBuf                                  0x200004d0   Data        1024  cmdprocess.o(.bss)
    sendshortBuf                             0x20000b90   Data         128  cmdprocess.o(.bss)
    .bss                                     0x20000e30   Section     1025  dlyattrprocess.o(.bss)
    DlyExeNode                               0x20000e30   Data        1025  dlyattrprocess.o(.bss)
    .bss                                     0x20001234   Section      144  linkscanfifo.o(.bss)
    .bss                                     0x200012c4   Section     1651  linksimplest.o(.bss)
    .bss                                     0x20001937   Section      351  linksimplesttime.o(.bss)
    .bss                                     0x20001a98   Section      320  object.o(.bss)
    .bss                                     0x20001bd8   Section     1056  scene&group.o(.bss)
    .bss                                     0x20001ff8   Section       12  sign433.o(.bss)
    .bss                                     0x20002004   Section      324  thread.o(.bss)
    thread                                   0x20002004   Data         324  thread.o(.bss)
    .bss                                     0x20002148   Section      272  updata.o(.bss)
    .bss                                     0x20002258   Section      288  upload.o(.bss)
    UploadUnit                               0x20002258   Data         288  upload.o(.bss)
    .bss                                     0x20002378   Section       31  userdata.o(.bss)
    .bss                                     0x20002398   Section      140  userdatadownload.o(.bss)
    .bss                                     0x20002424   Section      100  si4432.o(.bss)
    .bss                                     0x20002488   Section       20  unitcfg.o(.bss)
    .bss                                     0x2000249c   Section      415  usartx.o(.bss)
    .bss                                     0x2000263c   Section       96  libspace.o(.bss)
    HEAP                                     0x200026a0   Section     1024  startup_stm32f10x_md.o(HEAP)
    Heap_Mem                                 0x200026a0   Data        1024  startup_stm32f10x_md.o(HEAP)
    STACK                                    0x20002aa0   Section     3072  startup_stm32f10x_md.o(STACK)
    Stack_Mem                                0x20002aa0   Data        3072  startup_stm32f10x_md.o(STACK)
    __initial_sp                             0x200036a0   Data           0  startup_stm32f10x_md.o(STACK)

    Global Symbols

    Symbol Name                              Value     Ov Type        Size  Object(Section)

    BuildAttributes$$THM_ISAv4$P$D$K$B$S$PE$A:L22UL41UL21$X:L11$S22US41US21$IEEE1$IW$USESV6$~STKCKD$USESV7$~SHL$OSPACE$ROPI$EBA8$UX$STANDARDLIB$REQ8$PRES8$EABIv2 0x00000000   Number         0  anon$$obj.o ABSOLUTE
    __ARM_use_no_argv                        0x00000000   Number         0  main.o ABSOLUTE
    __ARM_exceptions_init                     - Undefined Weak Reference
    __alloca_initialize                       - Undefined Weak Reference
    __arm_preinit_                            - Undefined Weak Reference
    __cpp_initialize__aeabi_                  - Undefined Weak Reference
    __cxa_finalize                            - Undefined Weak Reference
    __rt_locale                               - Undefined Weak Reference
    __sigvec_lookup                           - Undefined Weak Reference
    _atexit_init                              - Undefined Weak Reference
    _call_atexit_fns                          - Undefined Weak Reference
    _clock_init                               - Undefined Weak Reference
    _fp_trap_init                             - Undefined Weak Reference
    _fp_trap_shutdown                         - Undefined Weak Reference
    _get_lc_collate                           - Undefined Weak Reference
    _get_lc_ctype                             - Undefined Weak Reference
    _get_lc_monetary                          - Undefined Weak Reference
    _get_lc_numeric                           - Undefined Weak Reference
    _get_lc_time                              - Undefined Weak Reference
    _getenv_init                              - Undefined Weak Reference
    _handle_redirection                       - Undefined Weak Reference
    _init_alloc                               - Undefined Weak Reference
    _init_user_alloc                          - Undefined Weak Reference
    _initio                                   - Undefined Weak Reference
    _rand_init                                - Undefined Weak Reference
    _signal_finish                            - Undefined Weak Reference
    _signal_init                              - Undefined Weak Reference
    _terminate_alloc                          - Undefined Weak Reference
    _terminate_user_alloc                     - Undefined Weak Reference
    _terminateio                              - Undefined Weak Reference
    __Vectors_Size                           0x000000ec   Number         0  startup_stm32f10x_md.o ABSOLUTE
    __Vectors                                0x08000800   Data           4  startup_stm32f10x_md.o(RESET)
    __Vectors_End                            0x080008ec   Data           0  startup_stm32f10x_md.o(RESET)
    __main                                   0x080008ed   Thumb Code     8  __main.o(!!!main)
    __scatterload                            0x080008f5   Thumb Code     0  __scatter.o(!!!scatter)
    __scatterload_rt2                        0x080008f5   Thumb Code    44  __scatter.o(!!!scatter)
    __scatterload_rt2_thumb_only             0x080008f5   Thumb Code     0  __scatter.o(!!!scatter)
    __scatterload_null                       0x08000903   Thumb Code     0  __scatter.o(!!!scatter)
    __scatterload_copy                       0x08000929   Thumb Code    26  __scatter_copy.o(!!handler_copy)
    __scatterload_zeroinit                   0x08000945   Thumb Code    28  __scatter_zi.o(!!handler_zi)
    __rt_lib_init                            0x08000961   Thumb Code     0  libinit.o(.ARM.Collect$$libinit$$00000000)
    __rt_lib_init_alloca_1                   0x08000963   Thumb Code     0  libinit2.o(.ARM.Collect$$libinit$$0000002E)
    __rt_lib_init_argv_1                     0x08000963   Thumb Code     0  libinit2.o(.ARM.Collect$$libinit$$0000002C)
    __rt_lib_init_atexit_1                   0x08000963   Thumb Code     0  libinit2.o(.ARM.Collect$$libinit$$0000001B)
    __rt_lib_init_clock_1                    0x08000963   Thumb Code     0  libinit2.o(.ARM.Collect$$libinit$$00000021)
    __rt_lib_init_cpp_1                      0x08000963   Thumb Code     0  libinit2.o(.ARM.Collect$$libinit$$00000032)
    __rt_lib_init_exceptions_1               0x08000963   Thumb Code     0  libinit2.o(.ARM.Collect$$libinit$$00000030)
    __rt_lib_init_fp_1                       0x08000963   Thumb Code     0  libinit2.o(.ARM.Collect$$libinit$$00000002)
    __rt_lib_init_fp_trap_1                  0x08000963   Thumb Code     0  libinit2.o(.ARM.Collect$$libinit$$0000001F)
    __rt_lib_init_getenv_1                   0x08000963   Thumb Code     0  libinit2.o(.ARM.Collect$$libinit$$00000023)
    __rt_lib_init_heap_1                     0x08000963   Thumb Code     0  libinit2.o(.ARM.Collect$$libinit$$0000000A)
    __rt_lib_init_lc_collate_1               0x08000963   Thumb Code     0  libinit2.o(.ARM.Collect$$libinit$$00000011)
    __rt_lib_init_lc_ctype_1                 0x08000963   Thumb Code     0  libinit2.o(.ARM.Collect$$libinit$$00000013)
    __rt_lib_init_lc_monetary_1              0x08000963   Thumb Code     0  libinit2.o(.ARM.Collect$$libinit$$00000015)
    __rt_lib_init_lc_numeric_1               0x08000963   Thumb Code     0  libinit2.o(.ARM.Collect$$libinit$$00000017)
    __rt_lib_init_lc_time_1                  0x08000963   Thumb Code     0  libinit2.o(.ARM.Collect$$libinit$$00000019)
    __rt_lib_init_preinit_1                  0x08000963   Thumb Code     0  libinit2.o(.ARM.Collect$$libinit$$00000004)
    __rt_lib_init_rand_1                     0x08000963   Thumb Code     0  libinit2.o(.ARM.Collect$$libinit$$0000000E)
    __rt_lib_init_return                     0x08000963   Thumb Code     0  libinit2.o(.ARM.Collect$$libinit$$00000033)
    __rt_lib_init_signal_1                   0x08000963   Thumb Code     0  libinit2.o(.ARM.Collect$$libinit$$0000001D)
    __rt_lib_init_stdio_1                    0x08000963   Thumb Code     0  libinit2.o(.ARM.Collect$$libinit$$00000025)
    __rt_lib_init_user_alloc_1               0x08000963   Thumb Code     0  libinit2.o(.ARM.Collect$$libinit$$0000000C)
    __rt_lib_shutdown                        0x08000965   Thumb Code     0  libshutdown.o(.ARM.Collect$$libshutdown$$00000000)
    __rt_lib_shutdown_fp_trap_1              0x08000967   Thumb Code     0  libshutdown2.o(.ARM.Collect$$libshutdown$$00000006)
    __rt_lib_shutdown_heap_1                 0x08000967   Thumb Code     0  libshutdown2.o(.ARM.Collect$$libshutdown$$0000000E)
    __rt_lib_shutdown_return                 0x08000967   Thumb Code     0  libshutdown2.o(.ARM.Collect$$libshutdown$$0000000F)
    __rt_lib_shutdown_signal_1               0x08000967   Thumb Code     0  libshutdown2.o(.ARM.Collect$$libshutdown$$00000009)
    __rt_lib_shutdown_stdio_1                0x08000967   Thumb Code     0  libshutdown2.o(.ARM.Collect$$libshutdown$$00000003)
    __rt_lib_shutdown_user_alloc_1           0x08000967   Thumb Code     0  libshutdown2.o(.ARM.Collect$$libshutdown$$0000000B)
    __rt_entry                               0x08000969   Thumb Code     0  __rtentry.o(.ARM.Collect$$rtentry$$00000000)
    __rt_entry_presh_1                       0x08000969   Thumb Code     0  __rtentry2.o(.ARM.Collect$$rtentry$$00000002)
    __rt_entry_sh                            0x08000969   Thumb Code     0  __rtentry4.o(.ARM.Collect$$rtentry$$00000004)
    __rt_entry_li                            0x0800096f   Thumb Code     0  __rtentry2.o(.ARM.Collect$$rtentry$$0000000A)
    __rt_entry_postsh_1                      0x0800096f   Thumb Code     0  __rtentry2.o(.ARM.Collect$$rtentry$$00000009)
    __rt_entry_main                          0x08000973   Thumb Code     0  __rtentry2.o(.ARM.Collect$$rtentry$$0000000D)
    __rt_entry_postli_1                      0x08000973   Thumb Code     0  __rtentry2.o(.ARM.Collect$$rtentry$$0000000C)
    __rt_exit                                0x0800097b   Thumb Code     0  rtexit.o(.ARM.Collect$$rtexit$$00000000)
    __rt_exit_ls                             0x0800097d   Thumb Code     0  rtexit2.o(.ARM.Collect$$rtexit$$00000003)
    __rt_exit_prels_1                        0x0800097d   Thumb Code     0  rtexit2.o(.ARM.Collect$$rtexit$$00000002)
    __rt_exit_exit                           0x08000981   Thumb Code     0  rtexit2.o(.ARM.Collect$$rtexit$$00000004)
    SystemInit                               0x08000a67   Thumb Code    78  system_stm32f10x.o(.text)
    SystemCoreClockUpdate                    0x08000ab5   Thumb Code   142  system_stm32f10x.o(.text)
    Reset_Handler                            0x08000b6d   Thumb Code     8  startup_stm32f10x_md.o(.text)
    NMI_Handler                              0x08000b75   Thumb Code     2  startup_stm32f10x_md.o(.text)
    HardFault_Handler                        0x08000b77   Thumb Code     2  startup_stm32f10x_md.o(.text)
    MemManage_Handler                        0x08000b79   Thumb Code     2  startup_stm32f10x_md.o(.text)
    BusFault_Handler                         0x08000b7b   Thumb Code     2  startup_stm32f10x_md.o(.text)
    UsageFault_Handler                       0x08000b7d   Thumb Code     2  startup_stm32f10x_md.o(.text)
    SVC_Handler                              0x08000b7f   Thumb Code     2  startup_stm32f10x_md.o(.text)
    DebugMon_Handler                         0x08000b81   Thumb Code     2  startup_stm32f10x_md.o(.text)
    PendSV_Handler                           0x08000b83   Thumb Code     2  startup_stm32f10x_md.o(.text)
    ADC1_2_IRQHandler                        0x08000b87   Thumb Code     0  startup_stm32f10x_md.o(.text)
    CAN1_RX1_IRQHandler                      0x08000b87   Thumb Code     0  startup_stm32f10x_md.o(.text)
    CAN1_SCE_IRQHandler                      0x08000b87   Thumb Code     0  startup_stm32f10x_md.o(.text)
    DMA1_Channel1_IRQHandler                 0x08000b87   Thumb Code     0  startup_stm32f10x_md.o(.text)
    DMA1_Channel2_IRQHandler                 0x08000b87   Thumb Code     0  startup_stm32f10x_md.o(.text)
    DMA1_Channel3_IRQHandler                 0x08000b87   Thumb Code     0  startup_stm32f10x_md.o(.text)
    DMA1_Channel4_IRQHandler                 0x08000b87   Thumb Code     0  startup_stm32f10x_md.o(.text)
    DMA1_Channel5_IRQHandler                 0x08000b87   Thumb Code     0  startup_stm32f10x_md.o(.text)
    DMA1_Channel6_IRQHandler                 0x08000b87   Thumb Code     0  startup_stm32f10x_md.o(.text)
    DMA1_Channel7_IRQHandler                 0x08000b87   Thumb Code     0  startup_stm32f10x_md.o(.text)
    EXTI0_IRQHandler                         0x08000b87   Thumb Code     0  startup_stm32f10x_md.o(.text)
    EXTI1_IRQHandler                         0x08000b87   Thumb Code     0  startup_stm32f10x_md.o(.text)
    EXTI2_IRQHandler                         0x08000b87   Thumb Code     0  startup_stm32f10x_md.o(.text)
    EXTI3_IRQHandler                         0x08000b87   Thumb Code     0  startup_stm32f10x_md.o(.text)
    EXTI4_IRQHandler                         0x08000b87   Thumb Code     0  startup_stm32f10x_md.o(.text)
    EXTI9_5_IRQHandler                       0x08000b87   Thumb Code     0  startup_stm32f10x_md.o(.text)
    FLASH_IRQHandler                         0x08000b87   Thumb Code     0  startup_stm32f10x_md.o(.text)
    I2C1_ER_IRQHandler                       0x08000b87   Thumb Code     0  startup_stm32f10x_md.o(.text)
    I2C1_EV_IRQHandler                       0x08000b87   Thumb Code     0  startup_stm32f10x_md.o(.text)
    I2C2_ER_IRQHandler                       0x08000b87   Thumb Code     0  startup_stm32f10x_md.o(.text)
    I2C2_EV_IRQHandler                       0x08000b87   Thumb Code     0  startup_stm32f10x_md.o(.text)
    PVD_IRQHandler                           0x08000b87   Thumb Code     0  startup_stm32f10x_md.o(.text)
    RCC_IRQHandler                           0x08000b87   Thumb Code     0  startup_stm32f10x_md.o(.text)
    RTCAlarm_IRQHandler                      0x08000b87   Thumb Code     0  startup_stm32f10x_md.o(.text)
    RTC_IRQHandler                           0x08000b87   Thumb Code     0  startup_stm32f10x_md.o(.text)
    SPI1_IRQHandler                          0x08000b87   Thumb Code     0  startup_stm32f10x_md.o(.text)
    SPI2_IRQHandler                          0x08000b87   Thumb Code     0  startup_stm32f10x_md.o(.text)
    TAMPER_IRQHandler                        0x08000b87   Thumb Code     0  startup_stm32f10x_md.o(.text)
    TIM1_BRK_IRQHandler                      0x08000b87   Thumb Code     0  startup_stm32f10x_md.o(.text)
    TIM1_CC_IRQHandler                       0x08000b87   Thumb Code     0  startup_stm32f10x_md.o(.text)
    TIM1_TRG_COM_IRQHandler                  0x08000b87   Thumb Code     0  startup_stm32f10x_md.o(.text)
    TIM1_UP_IRQHandler                       0x08000b87   Thumb Code     0  startup_stm32f10x_md.o(.text)
    TIM2_IRQHandler                          0x08000b87   Thumb Code     0  startup_stm32f10x_md.o(.text)
    TIM3_IRQHandler                          0x08000b87   Thumb Code     0  startup_stm32f10x_md.o(.text)
    TIM4_IRQHandler                          0x08000b87   Thumb Code     0  startup_stm32f10x_md.o(.text)
    USART3_IRQHandler                        0x08000b87   Thumb Code     0  startup_stm32f10x_md.o(.text)
    USBWakeUp_IRQHandler                     0x08000b87   Thumb Code     0  startup_stm32f10x_md.o(.text)
    USB_HP_CAN1_TX_IRQHandler                0x08000b87   Thumb Code     0  startup_stm32f10x_md.o(.text)
    USB_LP_CAN1_RX0_IRQHandler               0x08000b87   Thumb Code     0  startup_stm32f10x_md.o(.text)
    WWDG_IRQHandler                          0x08000b87   Thumb Code     0  startup_stm32f10x_md.o(.text)
    __user_initial_stackheap                 0x08000b89   Thumb Code     0  startup_stm32f10x_md.o(.text)
    memcpy                                   0x08000bad   Thumb Code    28  bestfulib.o(.text)
    memcmp                                   0x08000bc9   Thumb Code    40  bestfulib.o(.text)
    memset                                   0x08000bf1   Thumb Code    18  bestfulib.o(.text)
    memmove                                  0x08000c03   Thumb Code    58  bestfulib.o(.text)
    memfind                                  0x08000c3d   Thumb Code    64  bestfulib.o(.text)
    memcharget                               0x08000c7d   Thumb Code    48  bestfulib.o(.text)
    Process_FIFOData                         0x08000cd7   Thumb Code   120  cmdprocess.o(.text)
    Msg_Execute                              0x08000dbd   Thumb Code   248  cmdprocess.o(.text)
    FIFOInit                                 0x08000f53   Thumb Code   196  cmdprocess.o(.text)
    ProcessSend_Fun                          0x08001017   Thumb Code     8  cmdprocess.o(.text)
    SignEncrypt_Init                         0x08001081   Thumb Code    12  command.o(.text)
    Get_Encrypt433Flag                       0x0800108d   Thumb Code     6  command.o(.text)
    head_put                                 0x08001093   Thumb Code    16  command.o(.text)
    tail_put                                 0x080010a3   Thumb Code    16  command.o(.text)
    cmd_get                                  0x080010b3   Thumb Code   232  command.o(.text)
    cmd_put                                  0x0800119b   Thumb Code   124  command.o(.text)
    short_get                                0x08001217   Thumb Code   226  command.o(.text)
    short_put                                0x080012f9   Thumb Code   140  command.o(.text)
    EncryptCmd_get                           0x08001385   Thumb Code   200  command.o(.text)
    EncryptCmd_put                           0x0800144d   Thumb Code   168  command.o(.text)
    ChkCrcValue                              0x080014fd   Thumb Code    52  crc.o(.text)
    ChkCrcValueEx                            0x08001531   Thumb Code    56  crc.o(.text)
    delay_us                                 0x0800156d   Thumb Code    24  delay.o(.text)
    delay_ms                                 0x08001585   Thumb Code    28  delay.o(.text)
    DlyMsgFilterProcess                      0x08001745   Thumb Code    50  dlyattrprocess.o(.text)
    CreateBufferNode                         0x08001a7f   Thumb Code   214  dlyattrprocess.o(.text)
    DeleteDlyAssMsg                          0x08001b55   Thumb Code    30  dlyattrprocess.o(.text)
    ReadDataFromEEPROM                       0x08001b85   Thumb Code   120  eeprom.o(.text)
    WriteDataToEEPROM                        0x08001bfd   Thumb Code   120  eeprom.o(.text)
    WriteDataToEEPROMEx                      0x08001c75   Thumb Code   118  eeprom.o(.text)
    Fault_Upload                             0x08001ced   Thumb Code    74  faultmanage.o(.text)
    fifo_Init                                0x08001d3d   Thumb Code    26  fifo.o(.text)
    fifo_Rst                                 0x08001d57   Thumb Code    18  fifo.o(.text)
    fifo_empty                               0x08001d69   Thumb Code    18  fifo.o(.text)
    fifo_validSize                           0x08001dbb   Thumb Code    30  fifo.o(.text)
    fifo_puts                                0x08001dd9   Thumb Code   106  fifo.o(.text)
    fifo_gets                                0x08001e43   Thumb Code   124  fifo.o(.text)
    fifo_putc                                0x08001ebf   Thumb Code    60  fifo.o(.text)
    fifo_getc                                0x08001efb   Thumb Code    62  fifo.o(.text)
    fifo_find                                0x08001f39   Thumb Code    92  fifo.o(.text)
    fifo_cmp                                 0x08001f95   Thumb Code    62  fifo.o(.text)
    Set_IAPReady_Attr                        0x08001fd5   Thumb Code   192  flashattr.o(.text)
    Set_IAPPackSave_Attr                     0x08002095   Thumb Code    66  flashattr.o(.text)
    Get_IAPPackCheck_Attr                    0x080020d7   Thumb Code    66  flashattr.o(.text)
    Set_IAPDataCRC_Attr                      0x08002119   Thumb Code    98  flashattr.o(.text)
    Set_433Channel_Attr                      0x0800217b   Thumb Code    70  flashattr.o(.text)
    Get_433Channel_Attr                      0x080021c1   Thumb Code    20  flashattr.o(.text)
    Set_433Encrypt_Attr                      0x080021d5   Thumb Code    64  flashattr.o(.text)
    Get_433Encrypt_Attr                      0x08002215   Thumb Code    20  flashattr.o(.text)
    PropFifoInit                             0x08002251   Thumb Code    14  linkscanfifo.o(.text)
    PropChangeScanAndExe                     0x0800225f   Thumb Code    46  linkscanfifo.o(.text)
    PropEventFifo                            0x0800228d   Thumb Code    86  linkscanfifo.o(.text)
    ALinkClr                                 0x080022f1   Thumb Code    62  linksimplest.o(.text)
    ALinkInit                                0x0800232f   Thumb Code    62  linksimplest.o(.text)
    ChkALinkIsExist                          0x0800236d   Thumb Code    90  linksimplest.o(.text)
    GetALinkNum                              0x080023c7   Thumb Code    80  linksimplest.o(.text)
    QueryALink                               0x08002417   Thumb Code    50  linksimplest.o(.text)
    CheckALinkFull                           0x08002449   Thumb Code    18  linksimplest.o(.text)
    ReadALink                                0x0800245b   Thumb Code    50  linksimplest.o(.text)
    WriteALink                               0x0800248d   Thumb Code   148  linksimplest.o(.text)
    DelALink                                 0x08002521   Thumb Code   234  linksimplest.o(.text)
    AllALinkTimeClr                          0x08002615   Thumb Code    42  linksimplesttime.o(.text)
    ALinkTimeInit                            0x0800263f   Thumb Code    42  linksimplesttime.o(.text)
    QueryALinkTime                           0x08002669   Thumb Code    50  linksimplesttime.o(.text)
    DelALinkTime                             0x0800269b   Thumb Code   234  linksimplesttime.o(.text)
    WriteALinkTime                           0x08002785   Thumb Code   134  linksimplesttime.o(.text)
    ReadALinkTime                            0x0800280b   Thumb Code    34  linksimplesttime.o(.text)
    AddALinkTimeCmdX1                        0x0800282d   Thumb Code    74  linksimplesttime.o(.text)
    WriteALinkTimeToTable                    0x08002877   Thumb Code    42  linksimplesttime.o(.text)
    DelALinkTimeFromTable                    0x080028a1   Thumb Code    12  linksimplesttime.o(.text)
    LinkInit                                 0x080028b5   Thumb Code     8  linksrc.o(.text)
    LinkClr                                  0x080028bd   Thumb Code     8  linksrc.o(.text)
    CmpSampAndLinkValue                      0x080028c5   Thumb Code   130  linksrc.o(.text)
    GetConditionReverse                      0x08002947   Thumb Code    56  linksrc.o(.text)
    GetConditionOffset                       0x0800297f   Thumb Code    78  linksrc.o(.text)
    LinkSrcExe                               0x080029cd   Thumb Code   436  linksrc.o(.text)
    CheckLinkFull                            0x08002b85   Thumb Code    18  linkwrdc.o(.text)
    QueryLink                                0x08002b97   Thumb Code    22  linkwrdc.o(.text)
    QueryAllLinkFromTable                    0x08002bad   Thumb Code    64  linkwrdc.o(.text)
    ReadLinkFromTable                        0x08002bed   Thumb Code    34  linkwrdc.o(.text)
    WriteLinkToTable                         0x08002c0f   Thumb Code    62  linkwrdc.o(.text)
    DelAllLinkFromTable                      0x08002c4d   Thumb Code    46  linkwrdc.o(.text)
    DelLinkFromTable                         0x08002c7b   Thumb Code    30  linkwrdc.o(.text)
    ChkLinkIsExist                           0x08002c99   Thumb Code    26  linkwrdc.o(.text)
    GetLinkNum                               0x08002cb3   Thumb Code    22  linkwrdc.o(.text)
    WriteLinkItem                            0x08002cc9   Thumb Code   118  linkwrdc.o(.text)
    ModifyLinkItem                           0x08002d3f   Thumb Code    76  linkwrdc.o(.text)
    ReadLinkItem                             0x08002d8b   Thumb Code   108  linkwrdc.o(.text)
    QueryLinkItem                            0x08002df7   Thumb Code    56  linkwrdc.o(.text)
    DelLinkItem                              0x08002e2f   Thumb Code    68  linkwrdc.o(.text)
    WriteLinkItemEx                          0x08002e73   Thumb Code   180  linkwrdc.o(.text)
    ModifyLinkItemEx                         0x08002f27   Thumb Code   138  linkwrdc.o(.text)
    DelLinkForUnit                           0x08002fb1   Thumb Code   140  linkwrdc.o(.text)
    DelLinkForPropIDandVal                   0x0800303d   Thumb Code    84  linkwrdc.o(.text)
    SaveSerialNum                            0x08003095   Thumb Code    12  msgpackage.o(.text)
    Msg_Feedback                             0x080030f5   Thumb Code    78  msgpackage.o(.text)
    Msg_UploadUnit                           0x0800318d   Thumb Code    62  msgpackage.o(.text)
    Msg_Upload                               0x080031cb   Thumb Code    58  msgpackage.o(.text)
    Msg_Send                                 0x08003205   Thumb Code    68  msgpackage.o(.text)
    Check_Area                               0x0800325d   Thumb Code   112  object.o(.text)
    Check_AreaEx                             0x080032cd   Thumb Code    40  object.o(.text)
    Check_BandAddr                           0x080032f5   Thumb Code   116  object.o(.text)
    Object_Check                             0x08003423   Thumb Code  1348  object.o(.text)
    ShortObject_Check                        0x08003991   Thumb Code    90  object.o(.text)
    SaveScene                                0x080039fd   Thumb Code    42  scene&group.o(.text)
    SceneBufInit                             0x08003a27   Thumb Code   102  scene&group.o(.text)
    FindScene                                0x08003a8d   Thumb Code    62  scene&group.o(.text)
    DelOneScene                              0x08003acb   Thumb Code   154  scene&group.o(.text)
    Set_Scene_Attr                           0x08003b65   Thumb Code   434  scene&group.o(.text)
    Get_Scene_Attr                           0x08003d17   Thumb Code   110  scene&group.o(.text)
    Set_Group_Attr                           0x08003d85   Thumb Code   382  scene&group.o(.text)
    Get_Group_Attr                           0x08003f03   Thumb Code    94  scene&group.o(.text)
    Sign433_SendTestFrame                    0x08003f61   Thumb Code    78  sign433.o(.text)
    Sign433_SendTestFrameStream              0x08003faf   Thumb Code    28  sign433.o(.text)
    ClearRecTestStatus                       0x08003fcb   Thumb Code    10  sign433.o(.text)
    Sign433_SendTestReport                   0x08003fd5   Thumb Code    54  sign433.o(.text)
    Set_Sign433_StartSendFrame_Attr          0x08004015   Thumb Code    70  sign433attr.o(.text)
    Get_Sign433_MasterAddr                   0x0800405b   Thumb Code     6  sign433attr.o(.text)
    Get_Sign433_TestPackNum                  0x08004061   Thumb Code     6  sign433attr.o(.text)
    Get_Sign433_StartSendFrame_Attr          0x08004067   Thumb Code    46  sign433attr.o(.text)
    Set_Sign433_StartRecFrame_Attr           0x08004095   Thumb Code   100  sign433attr.o(.text)
    Get_Sign433_StartRecFrame_Attr           0x080040f9   Thumb Code    46  sign433attr.o(.text)
    Set_Sign433_RecFrameStream_Attr          0x08004127   Thumb Code    66  sign433attr.o(.text)
    Get_DeviceThreshold_Attr                 0x08004169   Thumb Code    22  sign433attr.o(.text)
    Set_Sign433_TestState_Attr               0x0800417f   Thumb Code    20  sign433attr.o(.text)
    Get_Sign433_TestState_Attr               0x08004193   Thumb Code    16  sign433attr.o(.text)
    Sys_UnitAttrNum                          0x080041bd   Thumb Code     4  sysexeattr.o(.text)
    Upload_RESTART                           0x080041c1   Thumb Code    10  sysexeattr.o(.text)
    SysAttr_Init                             0x080041cb   Thumb Code    66  sysexeattr.o(.text)
    Get_Version_Attr                         0x0800420d   Thumb Code   104  sysexeattr.o(.text)
    Get_DeviceType_Attr                      0x08004275   Thumb Code    76  sysexeattr.o(.text)
    Set_UserID_Attr                          0x080042c1   Thumb Code    44  sysexeattr.o(.text)
    Get_UserID_Attr                          0x080042ed   Thumb Code    18  sysexeattr.o(.text)
    Get_DeviceAddr_Attr                      0x080042ff   Thumb Code    18  sysexeattr.o(.text)
    Set_CmdAckNum_Attr                       0x08004311   Thumb Code    44  sysexeattr.o(.text)
    Get_CmdAckNum_Attr                       0x0800433d   Thumb Code    16  sysexeattr.o(.text)
    Set_RepeatBandAddr_Attr                  0x0800434d   Thumb Code   138  sysexeattr.o(.text)
    Get_RepeatBandAddr_Attr                  0x080043d7   Thumb Code   138  sysexeattr.o(.text)
    Set_RepeatBroadcast_Attr                 0x08004461   Thumb Code    38  sysexeattr.o(.text)
    Get_RepeatBroadcast_Attr                 0x08004487   Thumb Code    24  sysexeattr.o(.text)
    Set_UnitArea_Attr                        0x0800449f   Thumb Code   126  sysexeattr.o(.text)
    Get_UnitArea_Attr                        0x0800451d   Thumb Code   108  sysexeattr.o(.text)
    Set_UnitType_Attr                        0x08004589   Thumb Code   148  sysexeattr.o(.text)
    Get_UnitType_Attr                        0x0800461d   Thumb Code   112  sysexeattr.o(.text)
    Set_CommonType_Attr                      0x0800468d   Thumb Code   134  sysexeattr.o(.text)
    Get_CommonType_Attr                      0x08004713   Thumb Code   112  sysexeattr.o(.text)
    Set_UploadAble_Attr                      0x08004783   Thumb Code   164  sysexeattr.o(.text)
    Get_UploadAble_Attr                      0x08004827   Thumb Code   144  sysexeattr.o(.text)
    Set_UnitAble_Attr                        0x080048b7   Thumb Code   134  sysexeattr.o(.text)
    Get_UnitAble_Attr                        0x0800493d   Thumb Code   112  sysexeattr.o(.text)
    Get_Eeprom_Info_Attr                     0x080049ad   Thumb Code    88  sysexeattr.o(.text)
    Set_FaultFlag_Attr                       0x08004a05   Thumb Code    36  sysexeattr.o(.text)
    Get_FaultFlag_Attr                       0x08004a29   Thumb Code    20  sysexeattr.o(.text)
    Set_UserDataFormat_Attr                  0x08004a3d   Thumb Code    94  sysexeattr.o(.text)
    Set_DelayUpload_Attr                     0x08004a9b   Thumb Code    52  sysexeattr.o(.text)
    Set_Link_Attr                            0x08004acf   Thumb Code    98  sysexeattr.o(.text)
    Get_Link_Attr                            0x08004b31   Thumb Code    68  sysexeattr.o(.text)
    Set_Link_Time_Attr                       0x08004b75   Thumb Code    98  sysexeattr.o(.text)
    Set_DelLinkForUnit_Attr                  0x08004bd7   Thumb Code    40  sysexeattr.o(.text)
    Get_ResetAddr_Attr                       0x08004bff   Thumb Code   124  sysexeattr.o(.text)
    Set_ResetAddr_Attr                       0x08004c7b   Thumb Code   276  sysexeattr.o(.text)
    SI4432Test_Fail                          0x08004dad   Thumb Code    16  systestattr.o(.text)
    SI4432Test_Attr                          0x08004dbd   Thumb Code    68  systestattr.o(.text)
    Thread_Init                              0x08004e11   Thumb Code     8  thread.o(.text)
    Thread_Wake                              0x08004e41   Thumb Code   132  thread.o(.text)
    Thread_Login                             0x08004ec5   Thumb Code   228  thread.o(.text)
    Thread_Logout                            0x08004fa9   Thumb Code    94  thread.o(.text)
    Thread_Hang                              0x08005007   Thumb Code   108  thread.o(.text)
    Thread_Process                           0x08005073   Thumb Code   106  thread.o(.text)
    Thread_RunCheck                          0x080050dd   Thumb Code    44  thread.o(.text)
    Thread_Query                             0x08005109   Thumb Code    48  thread.o(.text)
    TransformTimePara                        0x0800513d   Thumb Code   198  timehandle.o(.text)
    CheckTimeParaIsZero                      0x08005285   Thumb Code    18  timehandle.o(.text)
    CheckAllTimeParaIsOK                     0x080052d5   Thumb Code    40  timehandle.o(.text)
    Set_ManyUnit_Attr                        0x080052fd   Thumb Code   102  unitshare_attr.o(.text)
    Set_ManyUnitEx_Attr                      0x08005363   Thumb Code    94  unitshare_attr.o(.text)
    Get_ManyUnit_Attr                        0x080053c1   Thumb Code   322  unitshare_attr.o(.text)
    Set_UnitChecking_Attr                    0x08005503   Thumb Code   126  unitshare_attr.o(.text)
    Get_SingleUnit_AttrLen                   0x08005581   Thumb Code   110  unitshare_attr.o(.text)
    Updata_Check                             0x080055f9   Thumb Code    22  updata.o(.text)
    Updata_Ready                             0x0800560f   Thumb Code   142  updata.o(.text)
    Updata_PackProcess                       0x0800569d   Thumb Code   100  updata.o(.text)
    Updata_PackCheck                         0x08005701   Thumb Code    76  updata.o(.text)
    Updata_Calibrate                         0x0800574d   Thumb Code    30  updata.o(.text)
    Updata_Channel                           0x0800576b   Thumb Code   100  updata.o(.text)
    Channel_Get                              0x080057cf   Thumb Code    54  updata.o(.text)
    Updata_Flag                              0x08005805   Thumb Code    38  updata.o(.text)
    Updata_433EncryptFlag                    0x0800582b   Thumb Code   108  updata.o(.text)
    Get_433EncryptFlag                       0x08005897   Thumb Code    62  updata.o(.text)
    Upload_Fault                             0x080059a7   Thumb Code    50  upload.o(.text)
    Upload_Check                             0x080059d9   Thumb Code   170  upload.o(.text)
    Upload                                   0x08005a83   Thumb Code   152  upload.o(.text)
    Upload_Immediately                       0x08005b1b   Thumb Code    80  upload.o(.text)
    SysTickUpload                            0x08005b6b   Thumb Code    64  upload.o(.text)
    SceneEEPROM_Init                         0x08005bf7   Thumb Code    58  userdata.o(.text)
    GroupEEPROMUnit_Init                     0x08005c31   Thumb Code    54  userdata.o(.text)
    GroupEEPROM_Init                         0x08005c67   Thumb Code    26  userdata.o(.text)
    UnitPrivateEEPROMUnitData_Init           0x08005c81   Thumb Code    36  userdata.o(.text)
    UnitPrivateEEPROMData_Init               0x08005ca5   Thumb Code    26  userdata.o(.text)
    UnitPublicEEPROMUnitData_Init            0x08005cbf   Thumb Code   102  userdata.o(.text)
    UnitPublicEEPROMData_Init                0x08005d25   Thumb Code    26  userdata.o(.text)
    SysEEPROMData_Init                       0x08005d3f   Thumb Code    58  userdata.o(.text)
    UserEEPROMData_Init                      0x08005d79   Thumb Code    54  userdata.o(.text)
    FaultData_Init                           0x08005daf   Thumb Code    14  userdata.o(.text)
    UserData_Init                            0x08005dbd   Thumb Code    92  userdata.o(.text)
    FaultData_Save                           0x08005e19   Thumb Code    32  userdata.o(.text)
    FaultData_Get                            0x08005e39   Thumb Code    22  userdata.o(.text)
    SysEEPROMData_Set                        0x08005e4f   Thumb Code    24  userdata.o(.text)
    UnitPublicEEPROMData_Get                 0x08005e67   Thumb Code    40  userdata.o(.text)
    UnitPublicEEPROMData_Set                 0x08005e8f   Thumb Code    48  userdata.o(.text)
    GroupEEPROM_Clr                          0x08005ebf   Thumb Code   216  userdata.o(.text)
    GroupEEPROM_Set                          0x08005f97   Thumb Code   348  userdata.o(.text)
    GroupEEPROM_Get                          0x080060f3   Thumb Code   176  userdata.o(.text)
    SceneEEPROMUnit_Init                     0x0800624b   Thumb Code   150  userdata.o(.text)
    SceneEEPROM_Clr                          0x08006315   Thumb Code    42  userdata.o(.text)
    CheckSceneTimeData                       0x0800633f   Thumb Code    36  userdata.o(.text)
    SceneEEPROM_Set                          0x08006451   Thumb Code   202  userdata.o(.text)
    CheckSceneDlyTimeEEPROM                  0x0800651b   Thumb Code   394  userdata.o(.text)
    SceneEEPROM_SetEx                        0x080067bb   Thumb Code   188  userdata.o(.text)
    SceneEEPROM_Get                          0x08006877   Thumb Code    52  userdata.o(.text)
    SceneEEPROM_GetEx                        0x080068ab   Thumb Code   212  userdata.o(.text)
    EEPROM_Write                             0x0800697f   Thumb Code    46  userdata.o(.text)
    EEPROM_Read                              0x080069ad   Thumb Code    46  userdata.o(.text)
    UserDataDownload_Init                    0x080069dd   Thumb Code    20  userdatadownload.o(.text)
    UserDataDownload_Ready                   0x080069f1   Thumb Code   244  userdatadownload.o(.text)
    UserDataFrame_Save                       0x08006ae5   Thumb Code   134  userdatadownload.o(.text)
    UserDataFrame_Check                      0x08006b6b   Thumb Code    78  userdatadownload.o(.text)
    DeviceResetCheck_Init                    0x08006c39   Thumb Code    36  devicereset.o(.text)
    Flash_Unlock                             0x08006c69   Thumb Code    12  flash.o(.text)
    Flash_lock                               0x08006c75   Thumb Code    14  flash.o(.text)
    FLASH_ErasePage                          0x08006ccd   Thumb Code    74  flash.o(.text)
    Flash_ProgramHalfWord                    0x08006d17   Thumb Code    68  flash.o(.text)
    Flash_Write                              0x08006d5b   Thumb Code    90  flash.o(.text)
    Flash_EraseOptionByte                    0x08006db5   Thumb Code    74  flash.o(.text)
    Flash_WriteOptionByte                    0x08006dff   Thumb Code    80  flash.o(.text)
    Get_UniqueDeviceID                       0x08006e4f   Thumb Code    24  flash.o(.text)
    GPIOx_Cfg                                0x08006e79   Thumb Code    92  gpio.o(.text)
    GPIOx_Set                                0x08006ed5   Thumb Code    22  gpio.o(.text)
    GPIOx_Rst                                0x08006eeb   Thumb Code    14  gpio.o(.text)
    GPIOx_Rvrs                               0x08006ef9   Thumb Code    14  gpio.o(.text)
    GPIOx_Get                                0x08006f07   Thumb Code    14  gpio.o(.text)
    I2C_Init                                 0x08006f37   Thumb Code    40  i2c.o(.text)
    IIC_GetState                             0x0800716f   Thumb Code    40  i2c.o(.text)
    IIC_Read                                 0x08007197   Thumb Code   102  i2c.o(.text)
    IIC_Write                                0x080071fd   Thumb Code    96  i2c.o(.text)
    IIC_WriteSame                            0x0800725d   Thumb Code    94  i2c.o(.text)
    Instruct_Init                            0x080072bd   Thumb Code    44  instruct.o(.text)
    Instruct                                 0x080072e9   Thumb Code     2  instruct.o(.text)
    RvrsGreen                                0x080072eb   Thumb Code    14  instruct.o(.text)
    RvrsRed                                  0x080072f9   Thumb Code    14  instruct.o(.text)
    RedOn                                    0x08007307   Thumb Code    14  instruct.o(.text)
    RedOff                                   0x08007315   Thumb Code    14  instruct.o(.text)
    GreenOn                                  0x08007323   Thumb Code    14  instruct.o(.text)
    GreenOff                                 0x08007331   Thumb Code    14  instruct.o(.text)
    UnitInstructLED                          0x0800733f   Thumb Code    92  instruct.o(.text)
    LED_Init                                 0x0800739b   Thumb Code    66  instruct.o(.text)
    Instruct_Run                             0x080073dd   Thumb Code     2  instruct.o(.text)
    Program_Erase                            0x080073e9   Thumb Code    52  program.o(.text)
    Program_Write                            0x0800741d   Thumb Code    44  program.o(.text)
    Program_Read                             0x08007449   Thumb Code    22  program.o(.text)
    Program_Read_Ext                         0x0800745f   Thumb Code    26  program.o(.text)
    Program_Write_Ext                        0x08007479   Thumb Code   242  program.o(.text)
    FlashEncryptionInit                      0x0800756b   Thumb Code   114  program.o(.text)
    Flash_DefaultValue                       0x080075dd   Thumb Code     6  program.o(.text)
    SetRecTestStatus                         0x08007645   Thumb Code    14  si4432.o(.text)
    GetRSSIPara                              0x08007653   Thumb Code     4  si4432.o(.text)
    GetThresholdPara                         0x08007657   Thumb Code     6  si4432.o(.text)
    Si4432_Idle                              0x08007773   Thumb Code    70  si4432.o(.text)
    Si4432_Init                              0x080078ef   Thumb Code   708  si4432.o(.text)
    EXTI15_10_IRQHandler                     0x08007ed9   Thumb Code    26  si4432.o(.text)
    Si4432_Send                              0x08007f95   Thumb Code    80  si4432.o(.text)
    SPI2_ReadWriteByte                       0x0800800d   Thumb Code    86  spi.o(.text)
    SPI2_Init                                0x08008063   Thumb Code   166  spi.o(.text)
    SPI2_SetSpeed                            0x08008109   Thumb Code    44  spi.o(.text)
    MY_NVIC_SetVectorTable                   0x08008145   Thumb Code    12  sys.o(.text)
    MY_NVIC_PriorityGroupConfig              0x08008151   Thumb Code    36  sys.o(.text)
    MY_NVIC_Init                             0x08008175   Thumb Code   146  sys.o(.text)
    Ex_NVIC_Config                           0x08008207   Thumb Code   146  sys.o(.text)
    SysHard_Init                             0x080082b9   Thumb Code    26  syshard.o(.text)
    HardID_Check                             0x080082d3   Thumb Code   122  syshard.o(.text)
    HardID_Change                            0x0800834d   Thumb Code    96  syshard.o(.text)
    SysTick_Init                             0x080083bd   Thumb Code    42  systick.o(.text)
    Time_Get                                 0x080083e7   Thumb Code     6  systick.o(.text)
    UpdateRandomTime                         0x080083ed   Thumb Code    10  systick.o(.text)
    GetRandomTime                            0x080083f7   Thumb Code     6  systick.o(.text)
    SysTick_Handler                          0x080083fd   Thumb Code    34  systick.o(.text)
    Test_Init                                0x0800842d   Thumb Code    86  test.o(.text)
    UART_Init                                0x0800848d   Thumb Code   132  usart.o(.text)
    UART_Write                               0x08008511   Thumb Code    50  usart.o(.text)
    UART_Send                                0x08008543   Thumb Code    44  usart.o(.text)
    USART1_IRQHandler                        0x0800856f   Thumb Code    30  usart.o(.text)
    WDG_Feed                                 0x080085a1   Thumb Code    20  wdg.o(.text)
    WDG_Init                                 0x080085b5   Thumb Code    60  wdg.o(.text)
    WDG_FeedOFF                              0x080085f1   Thumb Code    12  wdg.o(.text)
    HardWDGTest_Attr                         0x080085fd   Thumb Code    18  wdg.o(.text)
    FlashSizeFlagInit                        0x08008615   Thumb Code    10  flashsizeflag.o(.text)
    main                                     0x08008625   Thumb Code    66  main.o(.text)
    UnitCnt_Get                              0x08008671   Thumb Code     4  unitcfg.o(.text)
    Unit_Init                                0x08008675   Thumb Code    52  unitcfg.o(.text)
    CompareString                            0x080086b1   Thumb Code    42  usartx.o(.text)
    UART_RecTimeOutCnt                       0x080086db   Thumb Code    56  usartx.o(.text)
    Clr_QueryRcvData                         0x08008713   Thumb Code    30  usartx.o(.text)
    USARTx_Write                             0x08008731   Thumb Code    48  usartx.o(.text)
    USARTx_Send                              0x08008761   Thumb Code    36  usartx.o(.text)
    CheckQueryRecieve                        0x08008785   Thumb Code   144  usartx.o(.text)
    Clr_UART_RecTimeOut                      0x08008815   Thumb Code    10  usartx.o(.text)
    USARTx_Init                              0x0800881f   Thumb Code   320  usartx.o(.text)
    USART2_IRQHandler                        0x0800895f   Thumb Code    96  usartx.o(.text)
    RS232_CfgSave                            0x080089e5   Thumb Code    16  rs232unit.o(.text)
    RS232_CfgDefault                         0x080089f5   Thumb Code    28  rs232unit.o(.text)
    RS232_CfgCheck                           0x08008a11   Thumb Code    88  rs232unit.o(.text)
    RS232_CfgGet                             0x08008a69   Thumb Code    16  rs232unit.o(.text)
    RS232Unit_Init                           0x08008a79   Thumb Code    40  rs232unit.o(.text)
    RS232_CmdFlagSet                         0x08008aa1   Thumb Code    94  rs232unit.o(.text)
    RS232_CmdFlagGet                         0x08008aff   Thumb Code    44  rs232unit.o(.text)
    RS232_CmdGet                             0x08008b2b   Thumb Code    74  rs232unit.o(.text)
    RS232_CmdSend                            0x08008b75   Thumb Code    52  rs232unit.o(.text)
    RS232_CmdFlagClr                         0x08008ba9   Thumb Code    26  rs232unit.o(.text)
    RS232_CmdAdd                             0x08008bc3   Thumb Code    38  rs232unit.o(.text)
    RS232_AttrNum                            0x08008bf9   Thumb Code     4  rs232attr.o(.text)
    UnitInstruct                             0x08008bfd   Thumb Code     8  rs232attr.o(.text)
    RS232ParaInit                            0x08008c05   Thumb Code    30  rs232attr.o(.text)
    RS232EEPROMInit                          0x08008c23   Thumb Code    64  rs232attr.o(.text)
    Set_RS232Cfg_Attr                        0x08008c63   Thumb Code    38  rs232attr.o(.text)
    Get_RS232Cfg_Attr                        0x08008c89   Thumb Code    22  rs232attr.o(.text)
    Set_RS232Data_Attr                       0x08008c9f   Thumb Code    30  rs232attr.o(.text)
    Get_RS232Data_Attr                       0x08008cbd   Thumb Code    22  rs232attr.o(.text)
    Set_RS232DataSend_Attr                   0x08008cd3   Thumb Code    38  rs232attr.o(.text)
    Get_Query_Status_Attr                    0x08008cf9   Thumb Code    76  rs232attr.o(.text)
    EncryptData                              0x0800903b   Thumb Code    80  dataencrypt.o(.text)
    DecryptData                              0x0800908b   Thumb Code    86  dataencrypt.o(.text)
    EncryptInit                              0x080090e1   Thumb Code    32  dataencrypt.o(.text)
    __aeabi_memclr4                          0x08009119   Thumb Code     0  rt_memclr_w.o(.text)
    __aeabi_memclr8                          0x08009119   Thumb Code     0  rt_memclr_w.o(.text)
    __rt_memclr_w                            0x08009119   Thumb Code    78  rt_memclr_w.o(.text)
    _memset_w                                0x0800911d   Thumb Code     0  rt_memclr_w.o(.text)
    __use_two_region_memory                  0x08009167   Thumb Code     2  heapauxi.o(.text)
    __rt_heap_escrow$2region                 0x08009169   Thumb Code     2  heapauxi.o(.text)
    __rt_heap_expand$2region                 0x0800916b   Thumb Code     2  heapauxi.o(.text)
    __user_setup_stackheap                   0x0800916d   Thumb Code    74  sys_stackheap_outer.o(.text)
    exit                                     0x080091b7   Thumb Code    12  exit.o(.text)
    __user_libspace                          0x080091c5   Thumb Code     8  libspace.o(.text)
    __user_perproc_libspace                  0x080091c5   Thumb Code     0  libspace.o(.text)
    __user_perthread_libspace                0x080091c5   Thumb Code     0  libspace.o(.text)
    _sys_exit                                0x080091cd   Thumb Code     8  sys_exit.o(.text)
    __I$use$semihosting                      0x080091d9   Thumb Code     0  use_no_semi.o(.text)
    __use_no_semihosting_swi                 0x080091d9   Thumb Code     2  use_no_semi.o(.text)
    __semihosting_library_function           0x080091db   Thumb Code     0  indicate_semi.o(.text)
    DecryptionFlash                          0x080091dd   Thumb Code    54  scene&group.o(i.DecryptionFlash)
    __aeabi_dadd                             0x08009221   Thumb Code     0  daddsub_clz.o(x$fpl$dadd)
    _dadd                                    0x08009221   Thumb Code   332  daddsub_clz.o(x$fpl$dadd)
    __aeabi_d2uiz                            0x08009371   Thumb Code     0  dfixu.o(x$fpl$dfixu)
    _dfixu                                   0x08009371   Thumb Code    90  dfixu.o(x$fpl$dfixu)
    __aeabi_i2d                              0x080093cb   Thumb Code     0  dflt_clz.o(x$fpl$dflt)
    _dflt                                    0x080093cb   Thumb Code    46  dflt_clz.o(x$fpl$dflt)
    __aeabi_ui2d                             0x080093f9   Thumb Code     0  dflt_clz.o(x$fpl$dfltu)
    _dfltu                                   0x080093f9   Thumb Code    38  dflt_clz.o(x$fpl$dfltu)
    __aeabi_dmul                             0x08009421   Thumb Code     0  dmul.o(x$fpl$dmul)
    _dmul                                    0x08009421   Thumb Code   332  dmul.o(x$fpl$dmul)
    __fpl_dnaninf                            0x08009575   Thumb Code   156  dnaninf.o(x$fpl$dnaninf)
    __fpl_dretinf                            0x08009611   Thumb Code    12  dretinf.o(x$fpl$dretinf)
    __aeabi_dsub                             0x0800961d   Thumb Code     0  daddsub_clz.o(x$fpl$dsub)
    _dsub                                    0x0800961d   Thumb Code   464  daddsub_clz.o(x$fpl$dsub)
    HeadCMD                                  0x080097f0   Data           6  command.o(.constdata)
    __I$use$fp                               0x080097f0   Number         0  usenofp.o(x$fpl$usenofp)
    TailCMD                                  0x080097f6   Data           6  command.o(.constdata)
    CRCTable                                 0x080097fc   Data         512  crc.o(.constdata)
    SysAttrTable                             0x080099fc   Data         820  sysexeattr.o(.constdata)
    Si4432Cfg_Tab                            0x08009d38   Data          21  si4432.o(.constdata)
    flashFlag                                0x08009d56   Data          23  flashsizeflag.o(.constdata)
    UnitTab                                  0x08009d70   Data          40  unitcfg.o(.constdata)
    RS232AttrTable                           0x08009d98   Data          80  rs232attr.o(.constdata)
    ShiftBit                                 0x08009de8   Data           4  dataencrypt.o(.constdata)
    DerictShift                              0x08009dec   Data           4  dataencrypt.o(.constdata)
    EncodeX                                  0x08009df0   Data           4  dataencrypt.o(.constdata)
    EncodeY                                  0x08009df4   Data           4  dataencrypt.o(.constdata)
    Region$$Table$$Base                      0x08009df8   Number         0  anon$$obj.o(Region$$Table)
    Region$$Table$$Limit                     0x08009e18   Number         0  anon$$obj.o(Region$$Table)
    SystemCoreClock                          0x20000000   Data           4  system_stm32f10x.o(.data)
    AHBPrescTable                            0x20000004   Data          16  system_stm32f10x.o(.data)
    DelayID                                  0x20000020   Data           4  object.o(.data)
    gSceneTotalNum                           0x20000025   Data           1  scene&group.o(.data)
    SceneIndexes                             0x20000026   Data           4  scene&group.o(.data)
    Sign433_State                            0x2000002a   Data           1  sign433.o(.data)
    RADIO_PARA                               0x2000002c   Data           4  updata.o(.data)
    PACK_SIZE                                0x20000030   Data           1  updata.o(.data)
    TestRecFlag                              0x2000003f   Data           1  si4432.o(.data)
    Test                                     0x2000005c   Data           4  test.o(.data)
    Bound_Rate                               0x20000060   Data          48  usartx.o(.data)
    isTest                                   0x20000090   Data           9  usartx.o(.data)
    testFeedback                             0x20000099   Data          12  usartx.o(.data)
    gSendID                                  0x200000a6   Data           1  rs232unit.o(.data)
    rcv433fifo                               0x200000b0   Data          16  cmdprocess.o(.bss)
    send433fifo                              0x200000c0   Data          16  cmdprocess.o(.bss)
    rcvBuf                                   0x200000d0   Data        1024  cmdprocess.o(.bss)
    rcv_433                                  0x200008d0   Data         272  cmdprocess.o(.bss)
    send_433                                 0x200009e0   Data         272  cmdprocess.o(.bss)
    rcv433_shortfifo                         0x20000af0   Data          16  cmdprocess.o(.bss)
    send433_shortfifo                        0x20000b00   Data          16  cmdprocess.o(.bss)
    rcvshortBuf                              0x20000b10   Data         128  cmdprocess.o(.bss)
    rcv_433short                             0x20000c10   Data         272  cmdprocess.o(.bss)
    send_433short                            0x20000d20   Data         272  cmdprocess.o(.bss)
    propfifo                                 0x20001234   Data          16  linkscanfifo.o(.bss)
    propbuf                                  0x20001244   Data         128  linkscanfifo.o(.bss)
    ALink                                    0x200012c4   Data        1651  linksimplest.o(.bss)
    ALinkTime                                0x20001937   Data         351  linksimplesttime.o(.bss)
    RData                                    0x20001a98   Data         320  object.o(.bss)
    gSceneBuff                               0x20001bd8   Data        1024  scene&group.o(.bss)
    gSceneIndex                              0x20001fd8   Data          32  scene&group.o(.bss)
    gSign433Comm                             0x20001ff8   Data          12  sign433.o(.bss)
    IAP_FLAG                                 0x20002148   Data          16  updata.o(.bss)
    PACK_ID                                  0x20002158   Data         256  updata.o(.bss)
    gSysData                                 0x20002378   Data          31  userdata.o(.bss)
    UserDownload                             0x20002398   Data         140  userdatadownload.o(.bss)
    TestRecRSSI                              0x20002424   Data         100  si4432.o(.bss)
    gUnitData                                0x20002488   Data          20  unitcfg.o(.bss)
    UART_Recieve                             0x2000249c   Data         212  usartx.o(.bss)
    QueryRecieve                             0x20002570   Data         203  usartx.o(.bss)
    __libspace_start                         0x2000263c   Data          96  libspace.o(.bss)
    __temporary_stack_top$libspace           0x2000269c   Data           0  libspace.o(.bss)



==============================================================================

Memory Map of the image

  Image Entry point : 0x080008ed

  Load Region LR_IROM1 (Base: 0x08000800, Size: 0x000096c8, Max: 0x00020000, ABSOLUTE)

    Execution Region ER_IROM1 (Base: 0x08000800, Size: 0x00009618, Max: 0x00020000, ABSOLUTE)

    Base Addr    Size         Type   Attr      Idx    E Section Name        Object

    0x08000800   0x000000ec   Data   RO           60    RESET               startup_stm32f10x_md.o
    0x080008ec   0x00000008   Code   RO         1112  * !!!main             c_w.l(__main.o)
    0x080008f4   0x00000034   Code   RO         1291    !!!scatter          c_w.l(__scatter.o)
    0x08000928   0x0000001a   Code   RO         1293    !!handler_copy      c_w.l(__scatter_copy.o)
    0x08000942   0x00000002   PAD
    0x08000944   0x0000001c   Code   RO         1295    !!handler_zi        c_w.l(__scatter_zi.o)
    0x08000960   0x00000002   Code   RO         1162    .ARM.Collect$$libinit$$00000000  c_w.l(libinit.o)
    0x08000962   0x00000000   Code   RO         1169    .ARM.Collect$$libinit$$00000002  c_w.l(libinit2.o)
    0x08000962   0x00000000   Code   RO         1171    .ARM.Collect$$libinit$$00000004  c_w.l(libinit2.o)
    0x08000962   0x00000000   Code   RO         1174    .ARM.Collect$$libinit$$0000000A  c_w.l(libinit2.o)
    0x08000962   0x00000000   Code   RO         1176    .ARM.Collect$$libinit$$0000000C  c_w.l(libinit2.o)
    0x08000962   0x00000000   Code   RO         1178    .ARM.Collect$$libinit$$0000000E  c_w.l(libinit2.o)
    0x08000962   0x00000000   Code   RO         1181    .ARM.Collect$$libinit$$00000011  c_w.l(libinit2.o)
    0x08000962   0x00000000   Code   RO         1183    .ARM.Collect$$libinit$$00000013  c_w.l(libinit2.o)
    0x08000962   0x00000000   Code   RO         1185    .ARM.Collect$$libinit$$00000015  c_w.l(libinit2.o)
    0x08000962   0x00000000   Code   RO         1187    .ARM.Collect$$libinit$$00000017  c_w.l(libinit2.o)
    0x08000962   0x00000000   Code   RO         1189    .ARM.Collect$$libinit$$00000019  c_w.l(libinit2.o)
    0x08000962   0x00000000   Code   RO         1191    .ARM.Collect$$libinit$$0000001B  c_w.l(libinit2.o)
    0x08000962   0x00000000   Code   RO         1193    .ARM.Collect$$libinit$$0000001D  c_w.l(libinit2.o)
    0x08000962   0x00000000   Code   RO         1195    .ARM.Collect$$libinit$$0000001F  c_w.l(libinit2.o)
    0x08000962   0x00000000   Code   RO         1197    .ARM.Collect$$libinit$$00000021  c_w.l(libinit2.o)
    0x08000962   0x00000000   Code   RO         1199    .ARM.Collect$$libinit$$00000023  c_w.l(libinit2.o)
    0x08000962   0x00000000   Code   RO         1201    .ARM.Collect$$libinit$$00000025  c_w.l(libinit2.o)
    0x08000962   0x00000000   Code   RO         1205    .ARM.Collect$$libinit$$0000002C  c_w.l(libinit2.o)
    0x08000962   0x00000000   Code   RO         1207    .ARM.Collect$$libinit$$0000002E  c_w.l(libinit2.o)
    0x08000962   0x00000000   Code   RO         1209    .ARM.Collect$$libinit$$00000030  c_w.l(libinit2.o)
    0x08000962   0x00000000   Code   RO         1211    .ARM.Collect$$libinit$$00000032  c_w.l(libinit2.o)
    0x08000962   0x00000002   Code   RO         1212    .ARM.Collect$$libinit$$00000033  c_w.l(libinit2.o)
    0x08000964   0x00000002   Code   RO         1232    .ARM.Collect$$libshutdown$$00000000  c_w.l(libshutdown.o)
    0x08000966   0x00000000   Code   RO         1246    .ARM.Collect$$libshutdown$$00000003  c_w.l(libshutdown2.o)
    0x08000966   0x00000000   Code   RO         1249    .ARM.Collect$$libshutdown$$00000006  c_w.l(libshutdown2.o)
    0x08000966   0x00000000   Code   RO         1252    .ARM.Collect$$libshutdown$$00000009  c_w.l(libshutdown2.o)
    0x08000966   0x00000000   Code   RO         1254    .ARM.Collect$$libshutdown$$0000000B  c_w.l(libshutdown2.o)
    0x08000966   0x00000000   Code   RO         1257    .ARM.Collect$$libshutdown$$0000000E  c_w.l(libshutdown2.o)
    0x08000966   0x00000002   Code   RO         1258    .ARM.Collect$$libshutdown$$0000000F  c_w.l(libshutdown2.o)
    0x08000968   0x00000000   Code   RO         1132    .ARM.Collect$$rtentry$$00000000  c_w.l(__rtentry.o)
    0x08000968   0x00000000   Code   RO         1139    .ARM.Collect$$rtentry$$00000002  c_w.l(__rtentry2.o)
    0x08000968   0x00000006   Code   RO         1151    .ARM.Collect$$rtentry$$00000004  c_w.l(__rtentry4.o)
    0x0800096e   0x00000000   Code   RO         1141    .ARM.Collect$$rtentry$$00000009  c_w.l(__rtentry2.o)
    0x0800096e   0x00000004   Code   RO         1142    .ARM.Collect$$rtentry$$0000000A  c_w.l(__rtentry2.o)
    0x08000972   0x00000000   Code   RO         1144    .ARM.Collect$$rtentry$$0000000C  c_w.l(__rtentry2.o)
    0x08000972   0x00000008   Code   RO         1145    .ARM.Collect$$rtentry$$0000000D  c_w.l(__rtentry2.o)
    0x0800097a   0x00000002   Code   RO         1166    .ARM.Collect$$rtexit$$00000000  c_w.l(rtexit.o)
    0x0800097c   0x00000000   Code   RO         1214    .ARM.Collect$$rtexit$$00000002  c_w.l(rtexit2.o)
    0x0800097c   0x00000004   Code   RO         1215    .ARM.Collect$$rtexit$$00000003  c_w.l(rtexit2.o)
    0x08000980   0x00000006   Code   RO         1216    .ARM.Collect$$rtexit$$00000004  c_w.l(rtexit2.o)
    0x08000986   0x00000002   PAD
    0x08000988   0x000001e4   Code   RO            1    .text               system_stm32f10x.o
    0x08000b6c   0x00000040   Code   RO           61    .text               startup_stm32f10x_md.o
    0x08000bac   0x00000100   Code   RO          102    .text               bestfulib.o
    0x08000cac   0x000003d4   Code   RO          114    .text               cmdprocess.o
    0x08001080   0x0000047c   Code   RO          158    .text               command.o
    0x080014fc   0x00000070   Code   RO          177    .text               crc.o
    0x0800156c   0x00000034   Code   RO          192    .text               delay.o
    0x080015a0   0x000005e4   Code   RO          213    .text               dlyattrprocess.o
    0x08001b84   0x00000166   Code   RO          231    .text               eeprom.o
    0x08001cea   0x00000002   PAD
    0x08001cec   0x00000050   Code   RO          255    .text               faultmanage.o
    0x08001d3c   0x00000296   Code   RO          273    .text               fifo.o
    0x08001fd2   0x00000002   PAD
    0x08001fd4   0x0000027c   Code   RO          285    .text               flashattr.o
    0x08002250   0x000000a0   Code   RO          299    .text               linkscanfifo.o
    0x080022f0   0x00000324   Code   RO          337    .text               linksimplest.o
    0x08002614   0x000002a0   Code   RO          364    .text               linksimplesttime.o
    0x080028b4   0x000002d0   Code   RO          386    .text               linksrc.o
    0x08002b84   0x00000510   Code   RO          398    .text               linkwrdc.o
    0x08003094   0x000001c8   Code   RO          414    .text               msgpackage.o
    0x0800325c   0x000007a0   Code   RO          430    .text               object.o
    0x080039fc   0x00000564   Code   RO          460    .text               scene&group.o
    0x08003f60   0x000000b4   Code   RO          492    .text               sign433.o
    0x08004014   0x000001a8   Code   RO          533    .text               sign433attr.o
    0x080041bc   0x00000bf0   Code   RO          552    .text               sysexeattr.o
    0x08004dac   0x00000064   Code   RO          587    .text               systestattr.o
    0x08004e10   0x0000032c   Code   RO          613    .text               thread.o
    0x0800513c   0x000001c0   Code   RO          627    .text               timehandle.o
    0x080052fc   0x000002fc   Code   RO          639    .text               unitshare_attr.o
    0x080055f8   0x000002f4   Code   RO          651    .text               updata.o
    0x080058ec   0x000002e0   Code   RO          667    .text               upload.o
    0x08005bcc   0x00000e0e   Code   RO          682    .text               userdata.o
    0x080069da   0x00000002   PAD
    0x080069dc   0x00000208   Code   RO          712    .text               userdatadownload.o
    0x08006be4   0x00000084   Code   RO          730    .text               devicereset.o
    0x08006c68   0x00000210   Code   RO          746    .text               flash.o
    0x08006e78   0x000000a4   Code   RO          766    .text               gpio.o
    0x08006f1c   0x0000039e   Code   RO          778    .text               i2c.o
    0x080072ba   0x00000002   PAD
    0x080072bc   0x0000012c   Code   RO          790    .text               instruct.o
    0x080073e8   0x00000214   Code   RO          803    .text               program.o
    0x080075fc   0x00000a10   Code   RO          816    .text               si4432.o
    0x0800800c   0x00000138   Code   RO          846    .text               spi.o
    0x08008144   0x00000174   Code   RO          862    .text               sys.o
    0x080082b8   0x00000104   Code   RO          877    .text               syshard.o
    0x080083bc   0x00000070   Code   RO          892    .text               systick.o
    0x0800842c   0x00000060   Code   RO          906    .text               test.o
    0x0800848c   0x00000114   Code   RO          924    .text               usart.o
    0x080085a0   0x00000074   Code   RO          939    .text               wdg.o
    0x08008614   0x00000010   Code   RO          954    .text               flashsizeflag.o
    0x08008624   0x0000004c   Code   RO          969    .text               main.o
    0x08008670   0x00000040   Code   RO          985    .text               unitcfg.o
    0x080086b0   0x00000334   Code   RO         1012    .text               usartx.o
    0x080089e4   0x00000214   Code   RO         1035    .text               rs232unit.o
    0x08008bf8   0x00000164   Code   RO         1056    .text               rs232attr.o
    0x08008d5c   0x000003bc   Code   RO         1078    .text               Encode_lib.lib(dataencrypt.o)
    0x08009118   0x0000004e   Code   RO         1108    .text               c_w.l(rt_memclr_w.o)
    0x08009166   0x00000006   Code   RO         1110    .text               c_w.l(heapauxi.o)
    0x0800916c   0x0000004a   Code   RO         1153    .text               c_w.l(sys_stackheap_outer.o)
    0x080091b6   0x0000000c   Code   RO         1155    .text               c_w.l(exit.o)
    0x080091c2   0x00000002   PAD
    0x080091c4   0x00000008   Code   RO         1163    .text               c_w.l(libspace.o)
    0x080091cc   0x0000000c   Code   RO         1224    .text               c_w.l(sys_exit.o)
    0x080091d8   0x00000002   Code   RO         1235    .text               c_w.l(use_no_semi.o)
    0x080091da   0x00000000   Code   RO         1237    .text               c_w.l(indicate_semi.o)
    0x080091da   0x00000002   PAD
    0x080091dc   0x00000044   Code   RO          473    i.DecryptionFlash   scene&group.o
    0x08009220   0x00000150   Code   RO         1114    x$fpl$dadd          fz_ws.l(daddsub_clz.o)
    0x08009370   0x0000005a   Code   RO         1120    x$fpl$dfixu         fz_ws.l(dfixu.o)
    0x080093ca   0x0000002e   Code   RO         1125    x$fpl$dflt          fz_ws.l(dflt_clz.o)
    0x080093f8   0x00000026   Code   RO         1124    x$fpl$dfltu         fz_ws.l(dflt_clz.o)
    0x0800941e   0x00000002   PAD
    0x08009420   0x00000154   Code   RO         1130    x$fpl$dmul          fz_ws.l(dmul.o)
    0x08009574   0x0000009c   Code   RO         1133    x$fpl$dnaninf       fz_ws.l(dnaninf.o)
    0x08009610   0x0000000c   Code   RO         1135    x$fpl$dretinf       fz_ws.l(dretinf.o)
    0x0800961c   0x000001d4   Code   RO         1116    x$fpl$dsub          fz_ws.l(daddsub_clz.o)
    0x080097f0   0x00000000   Code   RO         1137    x$fpl$usenofp       fz_ws.l(usenofp.o)
    0x080097f0   0x0000000c   Data   RO          159    .constdata          command.o
    0x080097fc   0x00000200   Data   RO          178    .constdata          crc.o
    0x080099fc   0x00000334   Data   RO          553    .constdata          sysexeattr.o
    0x08009d30   0x00000008   Data   RO          804    .constdata          program.o
    0x08009d38   0x0000001e   Data   RO          818    .constdata          si4432.o
    0x08009d56   0x00000017   Data   RO          955    .constdata          flashsizeflag.o
    0x08009d6d   0x00000003   PAD
    0x08009d70   0x00000028   Data   RO          987    .constdata          unitcfg.o
    0x08009d98   0x00000050   Data   RO         1057    .constdata          rs232attr.o
    0x08009de8   0x00000010   Data   RO         1079    .constdata          Encode_lib.lib(dataencrypt.o)
    0x08009df8   0x00000020   Data   RO         1289    Region$$Table       anon$$obj.o


    Execution Region RW_IRAM1 (Base: 0x20000000, Size: 0x000036a0, Max: 0x00005000, ABSOLUTE)

    Base Addr    Size         Type   Attr      Idx    E Section Name        Object

    0x20000000   0x00000014   Data   RW            2    .data               system_stm32f10x.o
    0x20000014   0x00000001   Data   RW          160    .data               command.o
    0x20000015   0x00000003   PAD
    0x20000018   0x00000005   Data   RW          215    .data               dlyattrprocess.o
    0x2000001d   0x00000002   Data   RW          286    .data               flashattr.o
    0x2000001f   0x00000001   PAD
    0x20000020   0x00000005   Data   RW          432    .data               object.o
    0x20000025   0x00000005   Data   RW          462    .data               scene&group.o
    0x2000002a   0x00000002   Data   RW          494    .data               sign433.o
    0x2000002c   0x00000005   Data   RW          653    .data               updata.o
    0x20000031   0x00000001   Data   RW          669    .data               upload.o
    0x20000032   0x00000001   Data   RW          684    .data               userdata.o
    0x20000033   0x00000001   PAD
    0x20000034   0x00000004   Data   RW          731    .data               devicereset.o
    0x20000038   0x00000004   Data   RW          791    .data               instruct.o
    0x2000003c   0x00000018   Data   RW          819    .data               si4432.o
    0x20000054   0x00000008   Data   RW          893    .data               systick.o
    0x2000005c   0x00000004   Data   RW          907    .data               test.o
    0x20000060   0x00000046   Data   RW         1014    .data               usartx.o
    0x200000a6   0x00000001   Data   RW         1036    .data               rs232unit.o
    0x200000a7   0x00000008   Data   RW         1080    .data               Encode_lib.lib(dataencrypt.o)
    0x200000af   0x00000001   PAD
    0x200000b0   0x00000d80   Zero   RW          115    .bss                cmdprocess.o
    0x20000e30   0x00000401   Zero   RW          214    .bss                dlyattrprocess.o
    0x20001231   0x00000003   PAD
    0x20001234   0x00000090   Zero   RW          300    .bss                linkscanfifo.o
    0x200012c4   0x00000673   Zero   RW          338    .bss                linksimplest.o
    0x20001937   0x0000015f   Zero   RW          365    .bss                linksimplesttime.o
    0x20001a96   0x00000002   PAD
    0x20001a98   0x00000140   Zero   RW          431    .bss                object.o
    0x20001bd8   0x00000420   Zero   RW          461    .bss                scene&group.o
    0x20001ff8   0x0000000c   Zero   RW          493    .bss                sign433.o
    0x20002004   0x00000144   Zero   RW          614    .bss                thread.o
    0x20002148   0x00000110   Zero   RW          652    .bss                updata.o
    0x20002258   0x00000120   Zero   RW          668    .bss                upload.o
    0x20002378   0x0000001f   Zero   RW          683    .bss                userdata.o
    0x20002397   0x00000001   PAD
    0x20002398   0x0000008c   Zero   RW          713    .bss                userdatadownload.o
    0x20002424   0x00000064   Zero   RW          817    .bss                si4432.o
    0x20002488   0x00000014   Zero   RW          986    .bss                unitcfg.o
    0x2000249c   0x0000019f   Zero   RW         1013    .bss                usartx.o
    0x2000263b   0x00000001   PAD
    0x2000263c   0x00000060   Zero   RW         1164    .bss                c_w.l(libspace.o)
    0x2000269c   0x00000004   PAD
    0x200026a0   0x00000400   Zero   RW           59    HEAP                startup_stm32f10x_md.o
    0x20002aa0   0x00000c00   Zero   RW           58    STACK               startup_stm32f10x_md.o


==============================================================================

Image component sizes


      Code (inc. data)   RO Data    RW Data    ZI Data      Debug   Object Name

         0          0          0          0          0       2622   attrencrypt .o
       256          0          0          0          0       2398   bestfulib.o
       980        110          0          0       3456       6917   cmdprocess.o
      1148         22         12          1          0       3876   command.o
       112          4        512          0          0       1475   crc.o
        52          0          0          0          0        628   delay.o
       132         12          0          4          0        676   devicereset.o
      1508         28          0          5       1025       4687   dlyattrprocess.o
       358          0          0          0          0       3223   eeprom.o
        80          6          0          0          0       1083   faultmanage.o
       662          0          0          0          0       3854   fifo.o
       528         18          0          0          0       2923   flash.o
       636         40          0          2          0       3271   flashattr.o
        16          6         23          0          0       1048   flashsizeflag.o
       164          8          0          0          0       1685   gpio.o
       926          0          0          0          0       3525   i2c.o
       300         10          0          4          0       1671   instruct.o
       160         14          0          0        144       3138   linkscanfifo.o
       804         10          0          0       1651       5270   linksimplest.o
       672          8          0          0        351       4328   linksimplesttime.o
       720         34          0          0          0       2497   linksrc.o
      1296         10          0          0          0       8260   linkwrdc.o
        76         10          0          0          0       1511   main.o
       456         20          0          0          0       2852   msgpackage.o
      1952         58          0          5        320       5718   object.o
       532         26          8          0          0       3173   program.o
       356         24         80          0          0       3203   rs232attr.o
       532         16          0          1          0       3181   rs232unit.o
      1448         32          0          5       1056       5630   scene&group.o
      2576        120         30         24        100       6693   si4432.o
       180         10          0          2         12       7136   sign433.o
       424         26          0          0          0       3338   sign433attr.o
       312         16          0          0          0        973   spi.o
        64         26        236          0       4096        808   startup_stm32f10x_md.o
       372         32          0          0          0       1485   sys.o
      3056         50        820          0          0      14181   sysexeattr.o
       260         16          0          0          0        922   syshard.o
       484         42          0         20          0     213218   system_stm32f10x.o
       100         16          0          0          0       1150   systestattr.o
       112         14          0          8          0       1299   systick.o
        96         10          0          4          0        679   test.o
       812          4          0          0        324       3245   thread.o
       448          0          0          0          0       2101   timehandle.o
        64          8         40          0         20       2944   unitcfg.o
       764         10          0          0          0       3167   unitshare_attr.o
       756         24          0          5        272       4005   updata.o
       736         34          0          1        288       2656   upload.o
       276         20          0          0          0       1615   usart.o
       820         38          0         70        415       4219   usartx.o
      3598         58          0          1         31      16413   userdata.o
       520         44          0          0        140       2297   userdatadownload.o
       116          6          0          0          0       1357   wdg.o

    ----------------------------------------------------------------------
     33816       1150       1796        167      13708     390224   Object Totals
         0          0         32          0          0          0   (incl. Generated)
         8          0          3          5          7          0   (incl. Padding)

    ----------------------------------------------------------------------

      Code (inc. data)   RO Data    RW Data    ZI Data      Debug   Library Member Name

       956         24         16          8          0       3753   dataencrypt.o
         8          0          0          0          0         68   __main.o
         0          0          0          0          0          0   __rtentry.o
        12          0          0          0          0          0   __rtentry2.o
         6          0          0          0          0          0   __rtentry4.o
        52          8          0          0          0          0   __scatter.o
        26          0          0          0          0          0   __scatter_copy.o
        28          0          0          0          0          0   __scatter_zi.o
        12          0          0          0          0         72   exit.o
         6          0          0          0          0        152   heapauxi.o
         0          0          0          0          0          0   indicate_semi.o
         2          0          0          0          0          0   libinit.o
         2          0          0          0          0          0   libinit2.o
         2          0          0          0          0          0   libshutdown.o
         2          0          0          0          0          0   libshutdown2.o
         8          4          0          0         96         68   libspace.o
        78          0          0          0          0         80   rt_memclr_w.o
         2          0          0          0          0          0   rtexit.o
        10          0          0          0          0          0   rtexit2.o
        12          4          0          0          0         68   sys_exit.o
        74          0          0          0          0         80   sys_stackheap_outer.o
         2          0          0          0          0         68   use_no_semi.o
       804         16          0          0          0        272   daddsub_clz.o
        90          4          0          0          0         92   dfixu.o
        84          0          0          0          0        136   dflt_clz.o
       340         12          0          0          0        104   dmul.o
       156          4          0          0          0         92   dnaninf.o
        12          0          0          0          0         68   dretinf.o
         0          0          0          0          0          0   usenofp.o

    ----------------------------------------------------------------------
      2796         76         16          9        100       5173   Library Totals
        10          0          0          1          4          0   (incl. Padding)

    ----------------------------------------------------------------------

      Code (inc. data)   RO Data    RW Data    ZI Data      Debug   Library Name

       956         24         16          8          0       3753   Encode_lib.lib
       344         16          0          0         96        656   c_w.l
      1486         36          0          0          0        764   fz_ws.l

    ----------------------------------------------------------------------
      2796         76         16          9        100       5173   Library Totals

    ----------------------------------------------------------------------

==============================================================================


      Code (inc. data)   RO Data    RW Data    ZI Data      Debug   

     36612       1226       1812        176      13808     390869   Grand Totals
     36612       1226       1812        176      13808     390869   ELF Image Totals
     36612       1226       1812        176          0          0   ROM Totals

==============================================================================

    Total RO  Size (Code + RO Data)                38424 (  37.52kB)
    Total RW  Size (RW Data + ZI Data)             13984 (  13.66kB)
    Total ROM Size (Code + RO Data + RW Data)      38600 (  37.70kB)

==============================================================================

