Component: ARM Compiler 5.05 (build 41) Tool: armlink [4d0eb9]

==============================================================================

Section Cross References

    system_stm32f10x.o(.text) refers to system_stm32f10x.o(.data) for SystemCoreClock
    startup_stm32f10x_md.o(STACK) refers (Special) to heapauxi.o(.text) for __use_two_region_memory
    startup_stm32f10x_md.o(HEAP) refers (Special) to heapauxi.o(.text) for __use_two_region_memory
    startup_stm32f10x_md.o(RESET) refers (Special) to heapauxi.o(.text) for __use_two_region_memory
    startup_stm32f10x_md.o(RESET) refers to startup_stm32f10x_md.o(STACK) for __initial_sp
    startup_stm32f10x_md.o(RESET) refers to startup_stm32f10x_md.o(.text) for Reset_Handler
    startup_stm32f10x_md.o(RESET) refers to systick.o(.text) for SysTick_Handler
    startup_stm32f10x_md.o(RESET) refers to usart.o(.text) for USART1_IRQHandler
    startup_stm32f10x_md.o(RESET) refers to usartx.o(.text) for USART2_IRQHandler
    startup_stm32f10x_md.o(RESET) refers to si4432.o(.text) for EXTI15_10_IRQHandler
    startup_stm32f10x_md.o(.text) refers (Special) to heapauxi.o(.text) for __use_two_region_memory
    startup_stm32f10x_md.o(.text) refers to system_stm32f10x.o(.text) for SystemInit
    startup_stm32f10x_md.o(.text) refers to __main.o(!!!main) for __main
    startup_stm32f10x_md.o(.text) refers to startup_stm32f10x_md.o(HEAP) for Heap_Mem
    startup_stm32f10x_md.o(.text) refers to startup_stm32f10x_md.o(STACK) for Stack_Mem
    devicereset.o(.text) refers to gpio.o(.text) for GPIOx_Get
    devicereset.o(.text) refers to thread.o(.text) for Thread_Login
    devicereset.o(.text) refers to userdata.o(.text) for UserEEPROMData_Init
    devicereset.o(.text) refers to unitshare_attr.o(.text) for Set_UnitChecking_Attr
    devicereset.o(.text) refers to devicereset.o(.data) for cnt
    i2c.o(.text) refers to gpio.o(.text) for GPIOx_Cfg
    instruct.o(.text) refers to gpio.o(.text) for GPIOx_Cfg
    instruct.o(.text) refers to thread.o(.text) for Thread_Login
    instruct.o(.text) refers to instruct.o(.data) for cnt
    program.o(.text) refers to flash.o(.text) for Flash_Unlock
    program.o(.text) refers to program.o(.constdata) for .constdata
    si4432.o(.text) refers to gpio.o(.text) for GPIOx_Rvrs
    si4432.o(.text) refers to thread.o(.text) for Thread_Login
    si4432.o(.text) refers to spi.o(.text) for SPI2_ReadWriteByte
    si4432.o(.text) refers to delay.o(.text) for delay_ms
    si4432.o(.text) refers to faultmanage.o(.text) for Fault_Upload
    si4432.o(.text) refers to systick.o(.text) for Time_Get
    si4432.o(.text) refers to si4432.o(.data) for TestRecFlag
    si4432.o(.text) refers to si4432.o(.bss) for TestRecRSSI
    si4432.o(.text) refers to si4432.o(.constdata) for Si4432Cfg_Tab
    si4432.o(.text) refers to updata.o(.text) for Channel_Get
    si4432.o(.text) refers to sys.o(.text) for Ex_NVIC_Config
    si4432.o(.text) refers to fifo.o(.text) for fifo_putc
    si4432.o(.text) refers to sign433attr.o(.text) for Get_Sign433_MasterAddr
    si4432.o(.text) refers to cmdprocess.o(.bss) for rcv433fifo
    syshard.o(.text) refers to flashsizeflag.o(.text) for FlashSizeFlagInit
    syshard.o(.text) refers to systick.o(.text) for SysTick_Init
    syshard.o(.text) refers to program.o(.text) for FlashEncryptionInit
    syshard.o(.text) refers to i2c.o(.text) for I2C_Init
    syshard.o(.text) refers to si4432.o(.text) for Si4432_Init
    syshard.o(.text) refers to userdata.o(.bss) for gSysData
    systick.o(.text) refers to thread.o(.text) for Thread_RunCheck
    systick.o(.text) refers to systick.o(.data) for timer
    test.o(.text) refers to gpio.o(.text) for GPIOx_Cfg
    test.o(.text) refers to delay.o(.text) for delay_ms
    test.o(.text) refers to usart.o(.text) for UART_Init
    test.o(.text) refers to cmdprocess.o(.text) for ProcessSend_Fun
    test.o(.text) refers to si4432.o(.text) for Si4432_Idle
    test.o(.text) refers to test.o(.data) for Test
    usart.o(.text) refers to sys.o(.text) for MY_NVIC_Init
    usart.o(.text) refers to fifo.o(.text) for fifo_putc
    usart.o(.text) refers to cmdprocess.o(.bss) for rcv433fifo
    wdg.o(.text) refers to thread.o(.text) for Thread_Login
    flashsizeflag.o(.text) refers to flashsizeflag.o(.constdata) for flashFlag
    main.o(.text) refers to thread.o(.text) for Thread_Init
    main.o(.text) refers to syshard.o(.text) for SysHard_Init
    main.o(.text) refers to wdg.o(.text) for WDG_Init
    main.o(.text) refers to cmdprocess.o(.text) for FIFOInit
    main.o(.text) refers to instruct.o(.text) for Instruct_Init
    main.o(.text) refers to devicereset.o(.text) for DeviceResetCheck_Init
    main.o(.text) refers to test.o(.text) for Test_Init
    main.o(.text) refers to unitcfg.o(.text) for Unit_Init
    main.o(.text) refers to cmdprocess.o(.bss) for rcv_433
    unitcfg.o(.text) refers to userdata.o(.text) for UnitPublicEEPROMData_Get
    unitcfg.o(.text) refers to unitcfg.o(.bss) for gUnitData
[...]
    ..\Lib_code\SysHard\Instruct.c           0x00000000   Number         0  instruct.o ABSOLUTE
    ..\Lib_code\SysHard\Program.c            0x00000000   Number         0  program.o ABSOLUTE
    ..\Lib_code\SysHard\SI4432.c             0x00000000   Number         0  si4432.o ABSOLUTE
    ..\Lib_code\SysHard\SPI.c                0x00000000   Number         0  spi.o ABSOLUTE
    ..\Lib_code\SysHard\Sys.c                0x00000000   Number         0  sys.o ABSOLUTE
    ..\Lib_code\SysHard\SysHard.c            0x00000000   Number         0  syshard.o ABSOLUTE
    ..\Lib_code\SysHard\SysTick.c            0x00000000   Number         0  systick.o ABSOLUTE
    ..\Lib_code\SysHard\Test.c               0x00000000   Number         0  test.o ABSOLUTE
    ..\Lib_code\SysHard\Usart.c              0x00000000   Number         0  usart.o ABSOLUTE
    ..\Lib_code\SysHard\WDG.c                0x00000000   Number         0  wdg.o ABSOLUTE
    ..\User\RS232Attr.c                      0x00000000   Number         0  rs232attr.o ABSOLUTE
    ..\User\RS232Unit.c                      0x00000000   Number         0  rs232unit.o ABSOLUTE
    ..\User\USARTx.c                         0x00000000   Number         0  usartx.o ABSOLUTE
    ..\\Lib_code\\SysHard\\Sys.c             0x00000000   Number         0  sys.o ABSOLUTE
    dc.s                                     0x00000000   Number         0  dc.o ABSOLUTE
    RESET                                    0x0800c400   Section      236  startup_stm32f10x_md.o(RESET)
    !!!main                                  0x0800c4ec   Section        8  __main.o(!!!main)
    !!!scatter                               0x0800c4f4   Section       52  __scatter.o(!!!scatter)
    !!handler_copy                           0x0800c528   Section       26  __scatter_copy.o(!!handler_copy)
    !!handler_zi                             0x0800c544   Section       28  __scatter_zi.o(!!handler_zi)
    .ARM.Collect$$libinit$$00000000          0x0800c560   Section        2  libinit.o(.ARM.Collect$$libinit$$00000000)
    .ARM.Collect$$libinit$$00000002          0x0800c562   Section        0  libinit2.o(.ARM.Collect$$libinit$$00000002)
    .ARM.Collect$$libinit$$00000004          0x0800c562   Section        0  libinit2.o(.ARM.Collect$$libinit$$00000004)
    .ARM.Collect$$libinit$$0000000A          0x0800c562   Section        0  libinit2.o(.ARM.Collect$$libinit$$0000000A)
    .ARM.Collect$$libinit$$0000000C          0x0800c562   Section        0  libinit2.o(.ARM.Collect$$libinit$$0000000C)
    .ARM.Collect$$libinit$$0000000E          0x0800c562   Section        0  libinit2.o(.ARM.Collect$$libinit$$0000000E)
    .ARM.Collect$$libinit$$00000011          0x0800c562   Section        0  libinit2.o(.ARM.Collect$$libinit$$00000011)
    .ARM.Collect$$libinit$$00000013          0x0800c562   Section        0  libinit2.o(.ARM.Collect$$libinit$$00000013)
    .ARM.Collect$$libinit$$00000015          0x0800c562   Section        0  libinit2.o(.ARM.Collect$$libinit$$00000015)
    .ARM.Collect$$libinit$$00000017          0x0800c562   Section        0  libinit2.o(.ARM.Collect$$libinit$$00000017)
    .ARM.Collect$$libinit$$00000019          0x0800c562   Section        0  libinit2.o(.ARM.Collect$$libinit$$00000019)
    .ARM.Collect$$libinit$$0000001B          0x0800c562   Section        0  libinit2.o(.ARM.Collect$$libinit$$0000001B)
    .ARM.Collect$$libinit$$0000001D          0x0800c562   Section        0  libinit2.o(.ARM.Collect$$libinit$$0000001D)
    .ARM.Collect$$libinit$$0000001F          0x0800c562   Section        0  libinit2.o(.ARM.Collect$$libinit$$0000001F)
    .ARM.Collect$$libinit$$00000021          0x0800c562   Section        0  libinit2.o(.ARM.Collect$$libinit$$00000021)
    .ARM.Collect$$libinit$$00000023          0x0800c562   Section        0  libinit2.o(.ARM.Collect$$libinit$$00000023)
    .ARM.Collect$$libinit$$00000025          0x0800c562   Section        0  libinit2.o(.ARM.Collect$$libinit$$00000025)
    .ARM.Collect$$libinit$$0000002C          0x0800c562   Section        0  libinit2.o(.ARM.Collect$$libinit$$0000002C)
    .ARM.Collect$$libinit$$0000002E          0x0800c562   Section        0  libinit2.o(.ARM.Collect$$libinit$$0000002E)
    .ARM.Collect$$libinit$$00000030          0x0800c562   Section        0  libinit2.o(.ARM.Collect$$libinit$$00000030)
    .ARM.Collect$$libinit$$00000032          0x0800c562   Section        0  libinit2.o(.ARM.Collect$$libinit$$00000032)
    .ARM.Collect$$libinit$$00000033          0x0800c562   Section        2  libinit2.o(.ARM.Collect$$libinit$$00000033)
    .ARM.Collect$$libshutdown$$00000000      0x0800c564   Section        2  libshutdown.o(.ARM.Collect$$libshutdown$$00000000)
    .ARM.Collect$$libshutdown$$00000003      0x0800c566   Section        0  libshutdown2.o(.ARM.Collect$$libshutdown$$00000003)
    .ARM.Collect$$libshutdown$$00000006      0x0800c566   Section        0  libshutdown2.o(.ARM.Collect$$libshutdown$$00000006)
    .ARM.Collect$$libshutdown$$00000009      0x0800c566   Section        0  libshutdown2.o(.ARM.Collect$$libshutdown$$00000009)
    .ARM.Collect$$libshutdown$$0000000B      0x0800c566   Section        0  libshutdown2.o(.ARM.Collect$$libshutdown$$0000000B)
    .ARM.Collect$$libshutdown$$0000000E      0x0800c566   Section        0  libshutdown2.o(.ARM.Collect$$libshutdown$$0000000E)
    .ARM.Collect$$libshutdown$$0000000F      0x0800c566   Section        2  libshutdown2.o(.ARM.Collect$$libshutdown$$0000000F)
    .ARM.Collect$$rtentry$$00000000          0x0800c568   Section        0  __rtentry.o(.ARM.Collect$$rtentry$$00000000)
    .ARM.Collect$$rtentry$$00000002          0x0800c568   Section        0  __rtentry2.o(.ARM.Collect$$rtentry$$00000002)
    .ARM.Collect$$rtentry$$00000004          0x0800c568   Section        6  __rtentry4.o(.ARM.Collect$$rtentry$$00000004)
    .ARM.Collect$$rtentry$$00000009          0x0800c56e   Section        0  __rtentry2.o(.ARM.Collect$$rtentry$$00000009)
    .ARM.Collect$$rtentry$$0000000A          0x0800c56e   Section        4  __rtentry2.o(.ARM.Collect$$rtentry$$0000000A)
    .ARM.Collect$$rtentry$$0000000C          0x0800c572   Section        0  __rtentry2.o(.ARM.Collect$$rtentry$$0000000C)
    .ARM.Collect$$rtentry$$0000000D          0x0800c572   Section        8  __rtentry2.o(.ARM.Collect$$rtentry$$0000000D)
    .ARM.Collect$$rtexit$$00000000           0x0800c57a   Section        2  rtexit.o(.ARM.Collect$$rtexit$$00000000)
    .ARM.Collect$$rtexit$$00000002           0x0800c57c   Section        0  rtexit2.o(.ARM.Collect$$rtexit$$00000002)
    .ARM.Collect$$rtexit$$00000003           0x0800c57c   Section        4  rtexit2.o(.ARM.Collect$$rtexit$$00000003)
    .ARM.Collect$$rtexit$$00000004           0x0800c580   Section        6  rtexit2.o(.ARM.Collect$$rtexit$$00000004)
    .text                                    0x0800c588   Section        0  system_stm32f10x.o(.text)
    SetSysClockTo72                          0x0800c589   Thumb Code   214  system_stm32f10x.o(.text)
    SetSysClock                              0x0800c65f   Thumb Code     8  system_stm32f10x.o(.text)
    .text                                    0x0800c76c   Section       60  startup_stm32f10x_md.o(.text)
    .text                                    0x0800c7a8   Section        0  devicereset.o(.text)
    Reset_Check                              0x0800c7a9   Thumb Code    84  devicereset.o(.text)
    .text                                    0x0800c82c   Section        0  flash.o(.text)
    Flash_EOP                                0x0800c847   Thumb Code    24  flash.o(.text)
    Flash_Status                             0x0800c85f   Thumb Code    50  flash.o(.text)
    .text                                    0x0800ca3c   Section        0  gpio.o(.text)
    .text                                    0x0800cae0   Section        0  i2c.o(.text)
    Delay_nNOP                               0x0800cae1   Thumb Code    26  i2c.o(.text)
    I2C_Start                                0x0800cb23   Thumb Code    48  i2c.o(.text)
    I2C_Stop                                 0x0800cb53   Thumb Code    46  i2c.o(.text)
    I2C_ACK                                  0x0800cb81   Thumb Code    68  i2c.o(.text)
    I2C_WaitAck                              0x0800cbc5   Thumb Code   132  i2c.o(.text)
    I2C_SendB_Ack                            0x0800cc49   Thumb Code    98  i2c.o(.text)
    I2C_RecvB_Ack                            0x0800ccab   Thumb Code   136  i2c.o(.text)
    .text                                    0x0800ce80   Section        0  instruct.o(.text)
    .text                                    0x0800cfac   Section        0  program.o(.text)
    .text                                    0x0800d1c0   Section        0  si4432.o(.text)
    Signal_Run                               0x0800d1c1   Thumb Code    14  si4432.o(.text)
    Si4332_Signal_Insturct                   0x0800d1cf   Thumb Code    58  si4432.o(.text)
    SPI_RW_Reg                               0x0800d221   Thumb Code    44  si4432.o(.text)
    Si4432_PortInit                          0x0800d24d   Thumb Code   104  si4432.o(.text)
    SI4432_SendEn                            0x0800d2b5   Thumb Code     8  si4432.o(.text)
    SetMode_RX                               0x0800d2bd   Thumb Code    80  si4432.o(.text)
    Si4432_Fault                             0x0800d353   Thumb Code    16  si4432.o(.text)
    Si4432_Threshold                         0x0800d363   Thumb Code   294  si4432.o(.text)
    SetMode_TX                               0x0800d771   Thumb Code    28  si4432.o(.text)
    SI4432_Send_All_Data                     0x0800d78d   Thumb Code   168  si4432.o(.text)
    RecDataToFifo                            0x0800d835   Thumb Code   430  si4432.o(.text)
    Check_433M_Busy                          0x0800d9fd   Thumb Code   218  si4432.o(.text)
    .text                                    0x0800db2c   Section        0  spi.o(.text)
    .text                                    0x0800dc64   Section        0  sys.o(.text)
    .text                                    0x0800ddd8   Section        0  syshard.o(.text)
    .text                                    0x0800dedc   Section        0  systick.o(.text)
    .text                                    0x0800df4c   Section        0  test.o(.text)
    .text                                    0x0800dfac   Section        0  usart.o(.text)
    .text                                    0x0800e0c0   Section        0  wdg.o(.text)
    .text                                    0x0800e114   Section        0  flashsizeflag.o(.text)
    .text                                    0x0800e124   Section        0  main.o(.text)
    .text                                    0x0800e164   Section        0  unitcfg.o(.text)
    .text                                    0x0800e1a0   Section        0  usartx.o(.text)
    .text                                    0x0800e4d4   Section        0  rs232unit.o(.text)
    .text                                    0x0800e6e8   Section        0  rs232attr.o(.text)
    .text                                    0x0800e844   Section        0  bestfulib.o(.text)
    .text                                    0x0800e944   Section        0  cmdprocess.o(.text)
    Msg_Level                                0x0800e945   Thumb Code    28  cmdprocess.o(.text)
    DataSend_Thread                          0x0800e9cb   Thumb Code    12  cmdprocess.o(.text)
    Msg_ReturnType                           0x0800e9d7   Thumb Code    48  cmdprocess.o(.text)
    Msg_Process                              0x0800ead9   Thumb Code   114  cmdprocess.o(.text)
    .text                                    0x0800ebec   Section        0  delay.o(.text)
    .text                                    0x0800ec20   Section        0  faultmanage.o(.text)
    .text                                    0x0800ec70   Section        0  fifo.o(.text)
    fifo_full                                0x0800ecaf   Thumb Code    30  fifo.o(.text)
    fifo_surplusSize                         0x0800eccd   Thumb Code    34  fifo.o(.text)
    .text                                    0x0800ef08   Section        0  sign433attr.o(.text)
    .text                                    0x0800f0b0   Section        0  sysexeattr.o(.text)
    .text                                    0x0800fa4c   Section        0  thread.o(.text)
    Thread_Check                             0x0800fa55   Thumb Code    40  thread.o(.text)
    .text                                    0x0800fd74   Section        0  unitshare_attr.o(.text)
    .text                                    0x0800ff88   Section        0  updata.o(.text)
    .text                                    0x080101cc   Section        0  userdata.o(.text)
    SceneEEPROMData_Init                     0x080101cd   Thumb Code    16  userdata.o(.text)
    SceneEEPROMData_Clr                      0x08010687   Thumb Code    76  userdata.o(.text)
    SceneEEPROMSave_Addr                     0x0801076f   Thumb Code    60  userdata.o(.text)
    SceneEEPROMData_Save                     0x080107ab   Thumb Code    20  userdata.o(.text)
    SceneEEPROMSave_Seat                     0x080107bf   Thumb Code    32  userdata.o(.text)
    SceneEEPROMData_Seat                     0x080107df   Thumb Code   116  userdata.o(.text)
    .text                                    0x08010990   Section        0  command.o(.text)
    .text                                    0x08010afc   Section        0  crc.o(.text)
    .text                                    0x08010b6c   Section        0  eeprom.o(.text)
    .text                                    0x08010cd4   Section        0  flashattr.o(.text)
    .text                                    0x08010ef0   Section        0  linkscanfifo.o(.text)
    .text                                    0x08010f88   Section        0  linksrc.o(.text)
    .text                                    0x080111d0   Section        0  linkwrdc.o(.text)
    .text                                    0x08011508   Section        0  msgpackage.o(.text)
    Msg_Package                              0x080115c5   Thumb Code    74  msgpackage.o(.text)
    .text                                    0x080116d8   Section        0  object.o(.text)
    Check_Repeat                             0x080117e1   Thumb Code   186  object.o(.text)
    .text                                    0x08011d40   Section        0  scene&group.o(.text)
    .text                                    0x08012100   Section        0  sign433.o(.text)
    .text                                    0x080121b4   Section        0  systestattr.o(.text)
    .text                                    0x08012218   Section        0  upload.o(.text)
    FaultMsg                                 0x08012219   Thumb Code    16  upload.o(.text)
    Upload_Idle                              0x08012265   Thumb Code    48  upload.o(.text)
    .text                                    0x080122f8   Section        0  userdatadownload.o(.text)
    .text                                    0x08012500   Section        0  linksimplest.o(.text)
    .text                                    0x08012810   Section       78  rt_memclr_w.o(.text)
    .text                                    0x0801285e   Section        0  heapauxi.o(.text)
    .text                                    0x08012864   Section       74  sys_stackheap_outer.o(.text)
    .text                                    0x080128ae   Section        0  exit.o(.text)
    .text                                    0x080128bc   Section        8  libspace.o(.text)
    .text                                    0x080128c4   Section        0  sys_exit.o(.text)
    .text                                    0x080128d0   Section        2  use_no_semi.o(.text)
    .text                                    0x080128d2   Section        0  indicate_semi.o(.text)
    i.DecryptionFlash                        0x080128d4   Section        0  scene&group.o(i.DecryptionFlash)
    x$fpl$dadd                               0x08012918   Section      336  daddsub_clz.o(x$fpl$dadd)
    _dadd1                                   0x08012929   Thumb Code     0  daddsub_clz.o(x$fpl$dadd)
    x$fpl$dfixu                              0x08012a68   Section       90  dfixu.o(x$fpl$dfixu)
    x$fpl$dfltu                              0x08012ac2   Section       38  dflt_clz.o(x$fpl$dfltu)
    x$fpl$dmul                               0x08012ae8   Section      340  dmul.o(x$fpl$dmul)
    x$fpl$dnaninf                            0x08012c3c   Section      156  dnaninf.o(x$fpl$dnaninf)
    x$fpl$dretinf                            0x08012cd8   Section       12  dretinf.o(x$fpl$dretinf)
    x$fpl$dsub                               0x08012ce4   Section      468  daddsub_clz.o(x$fpl$dsub)
    _dsub1                                   0x08012cf5   Thumb Code     0  daddsub_clz.o(x$fpl$dsub)
    .constdata                               0x08012eb8   Section        8  program.o(.constdata)
    x$fpl$usenofp                            0x08012eb8   Section        0  usenofp.o(x$fpl$usenofp)
    .constdata                               0x08012ec0   Section       30  si4432.o(.constdata)
    randWait_Tab                             0x08012ed6   Data           8  si4432.o(.constdata)
    .constdata                               0x08012ede   Section       23  flashsizeflag.o(.constdata)
    .constdata                               0x08012ef8   Section       32  unitcfg.o(.constdata)
    .constdata                               0x08012f18   Section       64  rs232attr.o(.constdata)
    .constdata                               0x08012f58   Section      560  sysexeattr.o(.constdata)
    .constdata                               0x08013188   Section       12  command.o(.constdata)
    .constdata                               0x08013194   Section      512  crc.o(.constdata)
    .data                                    0x20000000   Section       20  system_stm32f10x.o(.data)
    .data                                    0x20000014   Section        4  devicereset.o(.data)
    cnt                                      0x20000014   Data           4  devicereset.o(.data)
    .data                                    0x20000018   Section        4  instruct.o(.data)
    cnt                                      0x20000018   Data           1  instruct.o(.data)
    cnt                                      0x2000001a   Data           2  instruct.o(.data)
    .data                                    0x2000001c   Section       24  si4432.o(.data)
    SI4432_RSSI                              0x2000001c   Data           1  si4432.o(.data)
    SI4432SendEn                             0x2000001d   Data           1  si4432.o(.data)
    Threshold                                0x2000001e   Data           1  si4432.o(.data)
    seat                                     0x20000020   Data           1  si4432.o(.data)
    busyTime                                 0x20000022   Data           2  si4432.o(.data)
    idleTime                                 0x20000024   Data           2  si4432.o(.data)
    rand                                     0x20000026   Data           2  si4432.o(.data)
    buf                                      0x20000028   Data           4  si4432.o(.data)
    time                                     0x2000002c   Data           4  si4432.o(.data)
    calculTime                               0x20000030   Data           4  si4432.o(.data)
    .data                                    0x20000034   Section        8  systick.o(.data)
    timer                                    0x20000034   Data           4  systick.o(.data)
    RandTime                                 0x20000038   Data           4  systick.o(.data)
    .data                                    0x2000003c   Section        4  test.o(.data)
    .data                                    0x20000040   Section       70  usartx.o(.data)
    cnt                                      0x20000085   Data           1  usartx.o(.data)
    .data                                    0x20000086   Section        1  rs232unit.o(.data)
    .data                                    0x20000087   Section        2  updata.o(.data)
    .data                                    0x20000089   Section        1  userdata.o(.data)
    cnt                                      0x20000089   Data           1  userdata.o(.data)
    .data                                    0x2000008a   Section        2  flashattr.o(.data)
    UPDATA_LEVEL                             0x2000008a   Data           1  flashattr.o(.data)
    Version                                  0x2000008b   Data           1  flashattr.o(.data)
    .data                                    0x2000008c   Section        5  object.o(.data)
    seat                                     0x20000090   Data           1  object.o(.data)
    .data                                    0x20000091   Section        2  sign433.o(.data)
    SendCount                                0x20000092   Data           1  sign433.o(.data)
    .data                                    0x20000093   Section        1  upload.o(.data)
    Fault                                    0x20000093   Data           1  upload.o(.data)
    .bss                                     0x20000094   Section      100  si4432.o(.bss)
    .bss                                     0x200000f8   Section       16  unitcfg.o(.bss)
    .bss                                     0x20000108   Section      415  usartx.o(.bss)
    .bss                                     0x200002a8   Section     2608  cmdprocess.o(.bss)
    sendBuf                                  0x200006c8   Data        1024  cmdprocess.o(.bss)
    .bss                                     0x20000cd8   Section      324  thread.o(.bss)
    thread                                   0x20000cd8   Data         324  thread.o(.bss)
    .bss                                     0x20000e1c   Section      272  updata.o(.bss)
    .bss                                     0x20000f2c   Section       31  userdata.o(.bss)
    .bss                                     0x20000f4c   Section      144  linkscanfifo.o(.bss)
    .bss                                     0x20000fdc   Section      320  object.o(.bss)
    .bss                                     0x2000111c   Section       12  sign433.o(.bss)
    .bss                                     0x20001128   Section      140  userdatadownload.o(.bss)
    .bss                                     0x200011b4   Section     1651  linksimplest.o(.bss)
    .bss                                     0x20001828   Section       96  libspace.o(.bss)
    HEAP                                     0x20001888   Section        0  startup_stm32f10x_md.o(HEAP)
    STACK                                    0x20001888   Section     3072  startup_stm32f10x_md.o(STACK)
    Heap_Mem                                 0x20001888   Data           0  startup_stm32f10x_md.o(HEAP)
    Stack_Mem                                0x20001888   Data        3072  startup_stm32f10x_md.o(STACK)
    __initial_sp                             0x20002488   Data           0  startup_stm32f10x_md.o(STACK)

    Global Symbols

    Symbol Name                              Value     Ov Type        Size  Object(Section)

    BuildAttributes$$THM_ISAv4$P$D$K$B$S$PE$A:L22UL41UL21$X:L11$S22US41US21$IEEE1$IW$USESV6$~STKCKD$USESV7$~SHL$OSPACE$ROPI$EBA8$UX$STANDARDLIB$REQ8$PRES8$EABIv2 0x00000000   Number         0  anon$$obj.o ABSOLUTE
    __ARM_use_no_argv                        0x00000000   Number         0  main.o ABSOLUTE
    __ARM_exceptions_init                     - Undefined Weak Reference
    __alloca_initialize                       - Undefined Weak Reference
    __arm_preinit_                            - Undefined Weak Reference
    __cpp_initialize__aeabi_                  - Undefined Weak Reference
    __cxa_finalize                            - Undefined Weak Reference
    __rt_locale                               - Undefined Weak Reference
    __sigvec_lookup                           - Undefined Weak Reference
    _atexit_init                              - Undefined Weak Reference
    _call_atexit_fns                          - Undefined Weak Reference
    _clock_init                               - Undefined Weak Reference
    _fp_trap_init                             - Undefined Weak Reference
    _fp_trap_shutdown                         - Undefined Weak Reference
    _get_lc_collate                           - Undefined Weak Reference
    _get_lc_ctype                             - Undefined Weak Reference
    _get_lc_monetary                          - Undefined Weak Reference
    _get_lc_numeric                           - Undefined Weak Reference
    _get_lc_time                              - Undefined Weak Reference
    _getenv_init                              - Undefined Weak Reference
    _handle_redirection                       - Undefined Weak Reference
    _init_alloc                               - Undefined Weak Reference
    _init_user_alloc                          - Undefined Weak Reference
    _initio                                   - Undefined Weak Reference
    _rand_init                                - Undefined Weak Reference
    _signal_finish                            - Undefined Weak Reference
    _signal_init                              - Undefined Weak Reference
    _terminate_alloc                          - Undefined Weak Reference
    _terminate_user_alloc                     - Undefined Weak Reference
    _terminateio                              - Undefined Weak Reference
    __Vectors_Size                           0x000000ec   Number         0  startup_stm32f10x_md.o ABSOLUTE
    __Vectors                                0x0800c400   Data           4  startup_stm32f10x_md.o(RESET)
    __Vectors_End                            0x0800c4ec   Data           0  startup_stm32f10x_md.o(RESET)
    __main                                   0x0800c4ed   Thumb Code     8  __main.o(!!!main)
    __scatterload                            0x0800c4f5   Thumb Code     0  __scatter.o(!!!scatter)
    __scatterload_rt2                        0x0800c4f5   Thumb Code    44  __scatter.o(!!!scatter)
    __scatterload_rt2_thumb_only             0x0800c4f5   Thumb Code     0  __scatter.o(!!!scatter)
    __scatterload_null                       0x0800c503   Thumb Code     0  __scatter.o(!!!scatter)
    __scatterload_copy                       0x0800c529   Thumb Code    26  __scatter_copy.o(!!handler_copy)
    __scatterload_zeroinit                   0x0800c545   Thumb Code    28  __scatter_zi.o(!!handler_zi)
    __rt_lib_init                            0x0800c561   Thumb Code     0  libinit.o(.ARM.Collect$$libinit$$00000000)
    __rt_lib_init_alloca_1                   0x0800c563   Thumb Code     0  libinit2.o(.ARM.Collect$$libinit$$0000002E)
    __rt_lib_init_argv_1                     0x0800c563   Thumb Code     0  libinit2.o(.ARM.Collect$$libinit$$0000002C)
    __rt_lib_init_atexit_1                   0x0800c563   Thumb Code     0  libinit2.o(.ARM.Collect$$libinit$$0000001B)
    __rt_lib_init_clock_1                    0x0800c563   Thumb Code     0  libinit2.o(.ARM.Collect$$libinit$$00000021)
    __rt_lib_init_cpp_1                      0x0800c563   Thumb Code     0  libinit2.o(.ARM.Collect$$libinit$$00000032)
    __rt_lib_init_exceptions_1               0x0800c563   Thumb Code     0  libinit2.o(.ARM.Collect$$libinit$$00000030)
    __rt_lib_init_fp_1                       0x0800c563   Thumb Code     0  libinit2.o(.ARM.Collect$$libinit$$00000002)
    __rt_lib_init_fp_trap_1                  0x0800c563   Thumb Code     0  libinit2.o(.ARM.Collect$$libinit$$0000001F)
    __rt_lib_init_getenv_1                   0x0800c563   Thumb Code     0  libinit2.o(.ARM.Collect$$libinit$$00000023)
    __rt_lib_init_heap_1                     0x0800c563   Thumb Code     0  libinit2.o(.ARM.Collect$$libinit$$0000000A)
    __rt_lib_init_lc_collate_1               0x0800c563   Thumb Code     0  libinit2.o(.ARM.Collect$$libinit$$00000011)
    __rt_lib_init_lc_ctype_1                 0x0800c563   Thumb Code     0  libinit2.o(.ARM.Collect$$libinit$$00000013)
    __rt_lib_init_lc_monetary_1              0x0800c563   Thumb Code     0  libinit2.o(.ARM.Collect$$libinit$$00000015)
    __rt_lib_init_lc_numeric_1               0x0800c563   Thumb Code     0  libinit2.o(.ARM.Collect$$libinit$$00000017)
    __rt_lib_init_lc_time_1                  0x0800c563   Thumb Code     0  libinit2.o(.ARM.Collect$$libinit$$00000019)
    __rt_lib_init_preinit_1                  0x0800c563   Thumb Code     0  libinit2.o(.ARM.Collect$$libinit$$00000004)
    __rt_lib_init_rand_1                     0x0800c563   Thumb Code     0  libinit2.o(.ARM.Collect$$libinit$$0000000E)
    __rt_lib_init_return                     0x0800c563   Thumb Code     0  libinit2.o(.ARM.Collect$$libinit$$00000033)
    __rt_lib_init_signal_1                   0x0800c563   Thumb Code     0  libinit2.o(.ARM.Collect$$libinit$$0000001D)
    __rt_lib_init_stdio_1                    0x0800c563   Thumb Code     0  libinit2.o(.ARM.Collect$$libinit$$00000025)
    __rt_lib_init_user_alloc_1               0x0800c563   Thumb Code     0  libinit2.o(.ARM.Collect$$libinit$$0000000C)
    __rt_lib_shutdown                        0x0800c565   Thumb Code     0  libshutdown.o(.ARM.Collect$$libshutdown$$00000000)
    __rt_lib_shutdown_fp_trap_1              0x0800c567   Thumb Code     0  libshutdown2.o(.ARM.Collect$$libshutdown$$00000006)
    __rt_lib_shutdown_heap_1                 0x0800c567   Thumb Code     0  libshutdown2.o(.ARM.Collect$$libshutdown$$0000000E)
    __rt_lib_shutdown_return                 0x0800c567   Thumb Code     0  libshutdown2.o(.ARM.Collect$$libshutdown$$0000000F)
    __rt_lib_shutdown_signal_1               0x0800c567   Thumb Code     0  libshutdown2.o(.ARM.Collect$$libshutdown$$00000009)
    __rt_lib_shutdown_stdio_1                0x0800c567   Thumb Code     0  libshutdown2.o(.ARM.Collect$$libshutdown$$00000003)
    __rt_lib_shutdown_user_alloc_1           0x0800c567   Thumb Code     0  libshutdown2.o(.ARM.Collect$$libshutdown$$0000000B)
    __rt_entry                               0x0800c569   Thumb Code     0  __rtentry.o(.ARM.Collect$$rtentry$$00000000)
    __rt_entry_presh_1                       0x0800c569   Thumb Code     0  __rtentry2.o(.ARM.Collect$$rtentry$$00000002)
    __rt_entry_sh                            0x0800c569   Thumb Code     0  __rtentry4.o(.ARM.Collect$$rtentry$$00000004)
    __rt_entry_li                            0x0800c56f   Thumb Code     0  __rtentry2.o(.ARM.Collect$$rtentry$$0000000A)
    __rt_entry_postsh_1                      0x0800c56f   Thumb Code     0  __rtentry2.o(.ARM.Collect$$rtentry$$00000009)
    __rt_entry_main                          0x0800c573   Thumb Code     0  __rtentry2.o(.ARM.Collect$$rtentry$$0000000D)
    __rt_entry_postli_1                      0x0800c573   Thumb Code     0  __rtentry2.o(.ARM.Collect$$rtentry$$0000000C)
    __rt_exit                                0x0800c57b   Thumb Code     0  rtexit.o(.ARM.Collect$$rtexit$$00000000)
    __rt_exit_ls                             0x0800c57d   Thumb Code     0  rtexit2.o(.ARM.Collect$$rtexit$$00000003)
    __rt_exit_prels_1                        0x0800c57d   Thumb Code     0  rtexit2.o(.ARM.Collect$$rtexit$$00000002)
    __rt_exit_exit                           0x0800c581   Thumb Code     0  rtexit2.o(.ARM.Collect$$rtexit$$00000004)
    SystemInit                               0x0800c667   Thumb Code    78  system_stm32f10x.o(.text)
    SystemCoreClockUpdate                    0x0800c6b5   Thumb Code   142  system_stm32f10x.o(.text)
    Reset_Handler                            0x0800c76d   Thumb Code     8  startup_stm32f10x_md.o(.text)
    NMI_Handler                              0x0800c775   Thumb Code     2  startup_stm32f10x_md.o(.text)
    HardFault_Handler                        0x0800c777   Thumb Code     2  startup_stm32f10x_md.o(.text)
    MemManage_Handler                        0x0800c779   Thumb Code     2  startup_stm32f10x_md.o(.text)
    BusFault_Handler                         0x0800c77b   Thumb Code     2  startup_stm32f10x_md.o(.text)
    UsageFault_Handler                       0x0800c77d   Thumb Code     2  startup_stm32f10x_md.o(.text)
    SVC_Handler                              0x0800c77f   Thumb Code     2  startup_stm32f10x_md.o(.text)
    DebugMon_Handler                         0x0800c781   Thumb Code     2  startup_stm32f10x_md.o(.text)
    PendSV_Handler                           0x0800c783   Thumb Code     2  startup_stm32f10x_md.o(.text)
    ADC1_2_IRQHandler                        0x0800c787   Thumb Code     0  startup_stm32f10x_md.o(.text)
    CAN1_RX1_IRQHandler                      0x0800c787   Thumb Code     0  startup_stm32f10x_md.o(.text)
    CAN1_SCE_IRQHandler                      0x0800c787   Thumb Code     0  startup_stm32f10x_md.o(.text)
    DMA1_Channel1_IRQHandler                 0x0800c787   Thumb Code     0  startup_stm32f10x_md.o(.text)
    DMA1_Channel2_IRQHandler                 0x0800c787   Thumb Code     0  startup_stm32f10x_md.o(.text)
    DMA1_Channel3_IRQHandler                 0x0800c787   Thumb Code     0  startup_stm32f10x_md.o(.text)
    DMA1_Channel4_IRQHandler                 0x0800c787   Thumb Code     0  startup_stm32f10x_md.o(.text)
    DMA1_Channel5_IRQHandler                 0x0800c787   Thumb Code     0  startup_stm32f10x_md.o(.text)
    DMA1_Channel6_IRQHandler                 0x0800c787   Thumb Code     0  startup_stm32f10x_md.o(.text)
    DMA1_Channel7_IRQHandler                 0x0800c787   Thumb Code     0  startup_stm32f10x_md.o(.text)
    EXTI0_IRQHandler                         0x0800c787   Thumb Code     0  startup_stm32f10x_md.o(.text)
    EXTI1_IRQHandler                         0x0800c787   Thumb Code     0  startup_stm32f10x_md.o(.text)
    EXTI2_IRQHandler                         0x0800c787   Thumb Code     0  startup_stm32f10x_md.o(.text)
    EXTI3_IRQHandler                         0x0800c787   Thumb Code     0  startup_stm32f10x_md.o(.text)
    EXTI4_IRQHandler                         0x0800c787   Thumb Code     0  startup_stm32f10x_md.o(.text)
    EXTI9_5_IRQHandler                       0x0800c787   Thumb Code     0  startup_stm32f10x_md.o(.text)
    FLASH_IRQHandler                         0x0800c787   Thumb Code     0  startup_stm32f10x_md.o(.text)
    I2C1_ER_IRQHandler                       0x0800c787   Thumb Code     0  startup_stm32f10x_md.o(.text)
    I2C1_EV_IRQHandler                       0x0800c787   Thumb Code     0  startup_stm32f10x_md.o(.text)
    I2C2_ER_IRQHandler                       0x0800c787   Thumb Code     0  startup_stm32f10x_md.o(.text)
    I2C2_EV_IRQHandler                       0x0800c787   Thumb Code     0  startup_stm32f10x_md.o(.text)
    PVD_IRQHandler                           0x0800c787   Thumb Code     0  startup_stm32f10x_md.o(.text)
    RCC_IRQHandler                           0x0800c787   Thumb Code     0  startup_stm32f10x_md.o(.text)
    RTCAlarm_IRQHandler                      0x0800c787   Thumb Code     0  startup_stm32f10x_md.o(.text)
    RTC_IRQHandler                           0x0800c787   Thumb Code     0  startup_stm32f10x_md.o(.text)
    SPI1_IRQHandler                          0x0800c787   Thumb Code     0  startup_stm32f10x_md.o(.text)
    SPI2_IRQHandler                          0x0800c787   Thumb Code     0  startup_stm32f10x_md.o(.text)
    TAMPER_IRQHandler                        0x0800c787   Thumb Code     0  startup_stm32f10x_md.o(.text)
    TIM1_BRK_IRQHandler                      0x0800c787   Thumb Code     0  startup_stm32f10x_md.o(.text)
    TIM1_CC_IRQHandler                       0x0800c787   Thumb Code     0  startup_stm32f10x_md.o(.text)
    TIM1_TRG_COM_IRQHandler                  0x0800c787   Thumb Code     0  startup_stm32f10x_md.o(.text)
    TIM1_UP_IRQHandler                       0x0800c787   Thumb Code     0  startup_stm32f10x_md.o(.text)
    TIM2_IRQHandler                          0x0800c787   Thumb Code     0  startup_stm32f10x_md.o(.text)
    TIM3_IRQHandler                          0x0800c787   Thumb Code     0  startup_stm32f10x_md.o(.text)
    TIM4_IRQHandler                          0x0800c787   Thumb Code     0  startup_stm32f10x_md.o(.text)
    USART3_IRQHandler                        0x0800c787   Thumb Code     0  startup_stm32f10x_md.o(.text)
    USBWakeUp_IRQHandler                     0x0800c787   Thumb Code     0  startup_stm32f10x_md.o(.text)
    USB_HP_CAN1_TX_IRQHandler                0x0800c787   Thumb Code     0  startup_stm32f10x_md.o(.text)
    USB_LP_CAN1_RX0_IRQHandler               0x0800c787   Thumb Code     0  startup_stm32f10x_md.o(.text)
    WWDG_IRQHandler                          0x0800c787   Thumb Code     0  startup_stm32f10x_md.o(.text)
    __user_initial_stackheap                 0x0800c789   Thumb Code     0  startup_stm32f10x_md.o(.text)
    DeviceResetCheck_Init                    0x0800c7fd   Thumb Code    36  devicereset.o(.text)
    Flash_Unlock                             0x0800c82d   Thumb Code    12  flash.o(.text)
    Flash_lock                               0x0800c839   Thumb Code    14  flash.o(.text)
    FLASH_ErasePage                          0x0800c891   Thumb Code    74  flash.o(.text)
    Flash_ProgramHalfWord                    0x0800c8db   Thumb Code    68  flash.o(.text)
    Flash_Write                              0x0800c91f   Thumb Code    90  flash.o(.text)
    Flash_EraseOptionByte                    0x0800c979   Thumb Code    74  flash.o(.text)
    Flash_WriteOptionByte                    0x0800c9c3   Thumb Code    80  flash.o(.text)
    Get_UniqueDeviceID                       0x0800ca13   Thumb Code    24  flash.o(.text)
    GPIOx_Cfg                                0x0800ca3d   Thumb Code    92  gpio.o(.text)
    GPIOx_Set                                0x0800ca99   Thumb Code    22  gpio.o(.text)
    GPIOx_Rst                                0x0800caaf   Thumb Code    14  gpio.o(.text)
    GPIOx_Rvrs                               0x0800cabd   Thumb Code    14  gpio.o(.text)
    GPIOx_Get                                0x0800cacb   Thumb Code    14  gpio.o(.text)
    I2C_Init                                 0x0800cafb   Thumb Code    40  i2c.o(.text)
    IIC_GetState                             0x0800cd33   Thumb Code    40  i2c.o(.text)
    IIC_Read                                 0x0800cd5b   Thumb Code   102  i2c.o(.text)
    IIC_Write                                0x0800cdc1   Thumb Code    96  i2c.o(.text)
    IIC_WriteSame                            0x0800ce21   Thumb Code    94  i2c.o(.text)
    Instruct_Init                            0x0800ce81   Thumb Code    44  instruct.o(.text)
    Instruct                                 0x0800cead   Thumb Code     2  instruct.o(.text)
    RvrsGreen                                0x0800ceaf   Thumb Code    14  instruct.o(.text)
    RvrsRed                                  0x0800cebd   Thumb Code    14  instruct.o(.text)
    RedOn                                    0x0800cecb   Thumb Code    14  instruct.o(.text)
    RedOff                                   0x0800ced9   Thumb Code    14  instruct.o(.text)
    GreenOn                                  0x0800cee7   Thumb Code    14  instruct.o(.text)
    GreenOff                                 0x0800cef5   Thumb Code    14  instruct.o(.text)
    UnitInstructLED                          0x0800cf03   Thumb Code    92  instruct.o(.text)
    LED_Init                                 0x0800cf5f   Thumb Code    66  instruct.o(.text)
    Instruct_Run                             0x0800cfa1   Thumb Code     2  instruct.o(.text)
    Program_Erase                            0x0800cfad   Thumb Code    52  program.o(.text)
    Program_Write                            0x0800cfe1   Thumb Code    44  program.o(.text)
    Program_Read                             0x0800d00d   Thumb Code    22  program.o(.text)
    Program_Read_Ext                         0x0800d023   Thumb Code    26  program.o(.text)
    Program_Write_Ext                        0x0800d03d   Thumb Code   242  program.o(.text)
    FlashEncryptionInit                      0x0800d12f   Thumb Code   114  program.o(.text)
    Flash_DefaultValue                       0x0800d1a1   Thumb Code     6  program.o(.text)
    SetRecTestStatus                         0x0800d209   Thumb Code    14  si4432.o(.text)
    GetRSSIPara                              0x0800d217   Thumb Code     4  si4432.o(.text)
    GetThresholdPara                         0x0800d21b   Thumb Code     6  si4432.o(.text)
    Si4432_Idle                              0x0800d30d   Thumb Code    70  si4432.o(.text)
    Si4432_Init                              0x0800d489   Thumb Code   744  si4432.o(.text)
    EXTI15_10_IRQHandler                     0x0800d9e3   Thumb Code    26  si4432.o(.text)
    Si4432_Send                              0x0800dad7   Thumb Code    60  si4432.o(.text)
    SPI2_ReadWriteByte                       0x0800db2d   Thumb Code    86  spi.o(.text)
    SPI2_Init                                0x0800db83   Thumb Code   166  spi.o(.text)
    SPI2_SetSpeed                            0x0800dc29   Thumb Code    44  spi.o(.text)
    MY_NVIC_SetVectorTable                   0x0800dc65   Thumb Code    12  sys.o(.text)
    MY_NVIC_PriorityGroupConfig              0x0800dc71   Thumb Code    36  sys.o(.text)
    MY_NVIC_Init                             0x0800dc95   Thumb Code   146  sys.o(.text)
    Ex_NVIC_Config                           0x0800dd27   Thumb Code   146  sys.o(.text)
    SysHard_Init                             0x0800ddd9   Thumb Code    26  syshard.o(.text)
    HardID_Check                             0x0800ddf3   Thumb Code   122  syshard.o(.text)
    HardID_Change                            0x0800de6d   Thumb Code    96  syshard.o(.text)
    SysTick_Init                             0x0800dedd   Thumb Code    42  systick.o(.text)
    Time_Get                                 0x0800df07   Thumb Code     6  systick.o(.text)
    UpdateRandomTime                         0x0800df0d   Thumb Code    10  systick.o(.text)
    GetRandomTime                            0x0800df17   Thumb Code     6  systick.o(.text)
    SysTick_Handler                          0x0800df1d   Thumb Code    34  systick.o(.text)
    Test_Init                                0x0800df4d   Thumb Code    86  test.o(.text)
    UART_Init                                0x0800dfad   Thumb Code   132  usart.o(.text)
    UART_Write                               0x0800e031   Thumb Code    50  usart.o(.text)
    UART_Send                                0x0800e063   Thumb Code    44  usart.o(.text)
    USART1_IRQHandler                        0x0800e08f   Thumb Code    30  usart.o(.text)
    WDG_Feed                                 0x0800e0c1   Thumb Code    10  wdg.o(.text)
    WDG_Init                                 0x0800e0cb   Thumb Code    50  wdg.o(.text)
    WDG_FeedOFF                              0x0800e0fd   Thumb Code    12  wdg.o(.text)
    HardWDGTest_Attr                         0x0800e109   Thumb Code     6  wdg.o(.text)
    FlashSizeFlagInit                        0x0800e115   Thumb Code    10  flashsizeflag.o(.text)
    main                                     0x0800e125   Thumb Code    54  main.o(.text)
    UnitCnt_Get                              0x0800e165   Thumb Code     4  unitcfg.o(.text)
    Unit_Init                                0x0800e169   Thumb Code    48  unitcfg.o(.text)
    CompareString                            0x0800e1a1   Thumb Code    42  usartx.o(.text)
    UART_RecTimeOutCnt                       0x0800e1cb   Thumb Code    56  usartx.o(.text)
    Clr_QueryRcvData                         0x0800e203   Thumb Code    30  usartx.o(.text)
    USARTx_Write                             0x0800e221   Thumb Code    48  usartx.o(.text)
    USARTx_Send                              0x0800e251   Thumb Code    36  usartx.o(.text)
    CheckQueryRecieve                        0x0800e275   Thumb Code   144  usartx.o(.text)
    Clr_UART_RecTimeOut                      0x0800e305   Thumb Code    10  usartx.o(.text)
    USARTx_Init                              0x0800e30f   Thumb Code   320  usartx.o(.text)
    USART2_IRQHandler                        0x0800e44f   Thumb Code    96  usartx.o(.text)
    RS232_CfgSave                            0x0800e4d5   Thumb Code    16  rs232unit.o(.text)
    RS232_CfgDefault                         0x0800e4e5   Thumb Code    28  rs232unit.o(.text)
    RS232_CfgCheck                           0x0800e501   Thumb Code    88  rs232unit.o(.text)
    RS232_CfgGet                             0x0800e559   Thumb Code    16  rs232unit.o(.text)
    RS232Unit_Init                           0x0800e569   Thumb Code    40  rs232unit.o(.text)
    RS232_CmdFlagSet                         0x0800e591   Thumb Code    94  rs232unit.o(.text)
    RS232_CmdFlagGet                         0x0800e5ef   Thumb Code    44  rs232unit.o(.text)
    RS232_CmdGet                             0x0800e61b   Thumb Code    74  rs232unit.o(.text)
    RS232_CmdSend                            0x0800e665   Thumb Code    52  rs232unit.o(.text)
    RS232_CmdFlagClr                         0x0800e699   Thumb Code    26  rs232unit.o(.text)
    RS232_CmdAdd                             0x0800e6b3   Thumb Code    38  rs232unit.o(.text)
    UnitInstruct                             0x0800e6e9   Thumb Code     8  rs232attr.o(.text)
    RS232ParaInit                            0x0800e6f1   Thumb Code    26  rs232attr.o(.text)
    RS232EEPROMInit                          0x0800e70b   Thumb Code    64  rs232attr.o(.text)
    Set_RS232Cfg_Attr                        0x0800e74b   Thumb Code    38  rs232attr.o(.text)
    Get_RS232Cfg_Attr                        0x0800e771   Thumb Code    22  rs232attr.o(.text)
    Set_RS232Data_Attr                       0x0800e787   Thumb Code    30  rs232attr.o(.text)
    Get_RS232Data_Attr                       0x0800e7a5   Thumb Code    22  rs232attr.o(.text)
    Set_RS232DataSend_Attr                   0x0800e7bb   Thumb Code    38  rs232attr.o(.text)
    Get_Query_Status_Attr                    0x0800e7e1   Thumb Code    76  rs232attr.o(.text)
    memcpy                                   0x0800e845   Thumb Code    28  bestfulib.o(.text)
    memcmp                                   0x0800e861   Thumb Code    40  bestfulib.o(.text)
    memset                                   0x0800e889   Thumb Code    18  bestfulib.o(.text)
    memmove                                  0x0800e89b   Thumb Code    58  bestfulib.o(.text)
    memfind                                  0x0800e8d5   Thumb Code    64  bestfulib.o(.text)
    memcharget                               0x0800e915   Thumb Code    48  bestfulib.o(.text)
    Process_FIFOData                         0x0800e961   Thumb Code   106  cmdprocess.o(.text)
    Msg_Execute                              0x0800ea07   Thumb Code   210  cmdprocess.o(.text)
    Msg_Change                               0x0800eb4b   Thumb Code    32  cmdprocess.o(.text)
    FIFOInit                                 0x0800eb6b   Thumb Code    72  cmdprocess.o(.text)
    ProcessSend_Fun                          0x0800ebb3   Thumb Code     8  cmdprocess.o(.text)
    delay_us                                 0x0800ebed   Thumb Code    24  delay.o(.text)
    delay_ms                                 0x0800ec05   Thumb Code    28  delay.o(.text)
    Fault_Upload                             0x0800ec21   Thumb Code    74  faultmanage.o(.text)
    fifo_Init                                0x0800ec71   Thumb Code    26  fifo.o(.text)
    fifo_Rst                                 0x0800ec8b   Thumb Code    18  fifo.o(.text)
    fifo_empty                               0x0800ec9d   Thumb Code    18  fifo.o(.text)
    fifo_validSize                           0x0800ecef   Thumb Code    30  fifo.o(.text)
    fifo_puts                                0x0800ed0d   Thumb Code   106  fifo.o(.text)
    fifo_gets                                0x0800ed77   Thumb Code   124  fifo.o(.text)
    fifo_putc                                0x0800edf3   Thumb Code    60  fifo.o(.text)
    fifo_getc                                0x0800ee2f   Thumb Code    62  fifo.o(.text)
    fifo_find                                0x0800ee6d   Thumb Code    92  fifo.o(.text)
    fifo_cmp                                 0x0800eec9   Thumb Code    62  fifo.o(.text)
    Set_Sign433_StartSendFrame_Attr          0x0800ef09   Thumb Code    70  sign433attr.o(.text)
    Get_Sign433_MasterAddr                   0x0800ef4f   Thumb Code     6  sign433attr.o(.text)
    Get_Sign433_TestPackNum                  0x0800ef55   Thumb Code     6  sign433attr.o(.text)
    Get_Sign433_StartSendFrame_Attr          0x0800ef5b   Thumb Code    46  sign433attr.o(.text)
    Set_Sign433_StartRecFrame_Attr           0x0800ef89   Thumb Code   100  sign433attr.o(.text)
    Get_Sign433_StartRecFrame_Attr           0x0800efed   Thumb Code    46  sign433attr.o(.text)
    Set_Sign433_RecFrameStream_Attr          0x0800f01b   Thumb Code    66  sign433attr.o(.text)
    Get_DeviceThreshold_Attr                 0x0800f05d   Thumb Code    22  sign433attr.o(.text)
    Set_Sign433_TestState_Attr               0x0800f073   Thumb Code    20  sign433attr.o(.text)
    Get_Sign433_TestState_Attr               0x0800f087   Thumb Code    16  sign433attr.o(.text)
    Upload_RESTART                           0x0800f0b1   Thumb Code    10  sysexeattr.o(.text)
    SysAttr_Init                             0x0800f0bb   Thumb Code    48  sysexeattr.o(.text)
    Get_Version_Attr                         0x0800f0eb   Thumb Code   104  sysexeattr.o(.text)
    Get_DeviceType_Attr                      0x0800f153   Thumb Code    76  sysexeattr.o(.text)
    Set_UserID_Attr                          0x0800f19f   Thumb Code    42  sysexeattr.o(.text)
    Get_UserID_Attr                          0x0800f1c9   Thumb Code    16  sysexeattr.o(.text)
    Get_DeviceAddr_Attr                      0x0800f1d9   Thumb Code    16  sysexeattr.o(.text)
    Set_CmdAckNum_Attr                       0x0800f1e9   Thumb Code    42  sysexeattr.o(.text)
    Get_CmdAckNum_Attr                       0x0800f213   Thumb Code    14  sysexeattr.o(.text)
    Set_RepeatBandAddr_Attr                  0x0800f221   Thumb Code   138  sysexeattr.o(.text)
    Get_RepeatBandAddr_Attr                  0x0800f2ab   Thumb Code   138  sysexeattr.o(.text)
    Set_RepeatBroadcast_Attr                 0x0800f335   Thumb Code    36  sysexeattr.o(.text)
    Get_RepeatBroadcast_Attr                 0x0800f359   Thumb Code    22  sysexeattr.o(.text)
    Set_UnitArea_Attr                        0x0800f36f   Thumb Code   112  sysexeattr.o(.text)
    Get_UnitArea_Attr                        0x0800f3df   Thumb Code   100  sysexeattr.o(.text)
    Set_UnitType_Attr                        0x0800f443   Thumb Code   120  sysexeattr.o(.text)
    Get_UnitType_Attr                        0x0800f4bb   Thumb Code   116  sysexeattr.o(.text)
    Set_CommonType_Attr                      0x0800f52f   Thumb Code   120  sysexeattr.o(.text)
    Get_CommonType_Attr                      0x0800f5a7   Thumb Code   104  sysexeattr.o(.text)
    Set_UnitAble_Attr                        0x0800f60f   Thumb Code   120  sysexeattr.o(.text)
    Get_UnitAble_Attr                        0x0800f687   Thumb Code   104  sysexeattr.o(.text)
    Get_Eeprom_Info_Attr                     0x0800f6ef   Thumb Code    82  sysexeattr.o(.text)
    Set_FaultFlag_Attr                       0x0800f741   Thumb Code    36  sysexeattr.o(.text)
    Get_FaultFlag_Attr                       0x0800f765   Thumb Code    20  sysexeattr.o(.text)
    Set_UserDataFormat_Attr                  0x0800f779   Thumb Code    94  sysexeattr.o(.text)
    Set_Link_Attr                            0x0800f7d7   Thumb Code    98  sysexeattr.o(.text)
    Get_Link_Attr                            0x0800f839   Thumb Code    68  sysexeattr.o(.text)
    Set_DelLinkForUnit_Attr                  0x0800f87d   Thumb Code    40  sysexeattr.o(.text)
    Get_ResetAddr_Attr                       0x0800f8a5   Thumb Code   132  sysexeattr.o(.text)
    Set_ResetAddr_Attr                       0x0800f929   Thumb Code   268  sysexeattr.o(.text)
    Thread_Init                              0x0800fa4d   Thumb Code     8  thread.o(.text)
    Thread_Wake                              0x0800fa7d   Thumb Code   132  thread.o(.text)
    Thread_Login                             0x0800fb01   Thumb Code   228  thread.o(.text)
    Thread_Logout                            0x0800fbe5   Thumb Code    94  thread.o(.text)
    Thread_Hang                              0x0800fc43   Thumb Code   108  thread.o(.text)
    Thread_Process                           0x0800fcaf   Thumb Code   100  thread.o(.text)
    Thread_RunCheck                          0x0800fd13   Thumb Code    44  thread.o(.text)
    Thread_Query                             0x0800fd3f   Thumb Code    48  thread.o(.text)
    Set_ManyUnit_Attr                        0x0800fd75   Thumb Code   102  unitshare_attr.o(.text)
    Get_ManyUnit_Attr                        0x0800fddb   Thumb Code   310  unitshare_attr.o(.text)
    Set_UnitChecking_Attr                    0x0800ff11   Thumb Code   110  unitshare_attr.o(.text)
    Updata_Check                             0x0800ff89   Thumb Code    22  updata.o(.text)
    Updata_Ready                             0x0800ff9f   Thumb Code   142  updata.o(.text)
    Updata_PackProcess                       0x0801002d   Thumb Code   112  updata.o(.text)
    Updata_PackCheck                         0x0801009d   Thumb Code    76  updata.o(.text)
    Updata_Calibrate                         0x080100e9   Thumb Code    30  updata.o(.text)
    Updata_Channel                           0x08010107   Thumb Code    84  updata.o(.text)
    Channel_Get                              0x0801015b   Thumb Code    50  updata.o(.text)
    Updata_Flag                              0x0801018d   Thumb Code    38  updata.o(.text)
    SceneEEPROM_Init                         0x080101dd   Thumb Code    42  userdata.o(.text)
    GroupEEPROMUnit_Init                     0x08010207   Thumb Code    54  userdata.o(.text)
    GroupEEPROM_Init                         0x0801023d   Thumb Code    26  userdata.o(.text)
    UnitPrivateEEPROMUnitData_Init           0x08010257   Thumb Code    28  userdata.o(.text)
    UnitPrivateEEPROMData_Init               0x08010273   Thumb Code    26  userdata.o(.text)
    UnitPublicEEPROMUnitData_Init            0x0801028d   Thumb Code    62  userdata.o(.text)
    UnitPublicEEPROMData_Init                0x080102cb   Thumb Code    26  userdata.o(.text)
    SysEEPROMData_Init                       0x080102e5   Thumb Code    58  userdata.o(.text)
    UserEEPROMData_Init                      0x0801031f   Thumb Code    54  userdata.o(.text)
    FaultData_Init                           0x08010355   Thumb Code    14  userdata.o(.text)
    UserData_Init                            0x08010363   Thumb Code    92  userdata.o(.text)
    FaultData_Save                           0x080103bf   Thumb Code    32  userdata.o(.text)
    FaultData_Get                            0x080103df   Thumb Code    22  userdata.o(.text)
    SysEEPROMData_Set                        0x080103f5   Thumb Code    24  userdata.o(.text)
    UnitPublicEEPROMData_Get                 0x0801040d   Thumb Code    36  userdata.o(.text)
    UnitPublicEEPROMData_Set                 0x08010431   Thumb Code    32  userdata.o(.text)
    GroupEEPROM_Clr                          0x08010451   Thumb Code   220  userdata.o(.text)
    GroupEEPROM_Set                          0x0801052d   Thumb Code   232  userdata.o(.text)
    GroupEEPROM_Get                          0x08010615   Thumb Code   114  userdata.o(.text)
    SceneEEPROMUnit_Init                     0x080106d3   Thumb Code    72  userdata.o(.text)
    SceneEEPROM_Clr                          0x0801071b   Thumb Code    84  userdata.o(.text)
    SceneEEPROM_Set                          0x08010853   Thumb Code   144  userdata.o(.text)
    SceneEEPROM_Get                          0x080108e3   Thumb Code    76  userdata.o(.text)
    EEPROM_Write                             0x0801092f   Thumb Code    46  userdata.o(.text)
    EEPROM_Read                              0x0801095d   Thumb Code    46  userdata.o(.text)
    cmd_get                                  0x08010991   Thumb Code   232  command.o(.text)
    cmd_put                                  0x08010a79   Thumb Code   124  command.o(.text)
    ChkCrcValue                              0x08010afd   Thumb Code    52  crc.o(.text)
    ChkCrcValueEx                            0x08010b31   Thumb Code    56  crc.o(.text)
    ReadDataFromEEPROM                       0x08010b6d   Thumb Code   120  eeprom.o(.text)
    WriteDataToEEPROM                        0x08010be5   Thumb Code   120  eeprom.o(.text)
    WriteDataToEEPROMEx                      0x08010c5d   Thumb Code   118  eeprom.o(.text)
    Set_IAPReady_Attr                        0x08010cd5   Thumb Code   182  flashattr.o(.text)
    Set_IAPPackSave_Attr                     0x08010d8b   Thumb Code    66  flashattr.o(.text)
    Get_IAPPackCheck_Attr                    0x08010dcd   Thumb Code    66  flashattr.o(.text)
    Set_IAPDataCRC_Attr                      0x08010e0f   Thumb Code    98  flashattr.o(.text)
    Set_433Channel_Attr                      0x08010e71   Thumb Code    70  flashattr.o(.text)
    Get_433Channel_Attr                      0x08010eb7   Thumb Code    20  flashattr.o(.text)
    PropFifoInit                             0x08010ef1   Thumb Code    14  linkscanfifo.o(.text)
    PropChangeScanAndExe                     0x08010eff   Thumb Code    46  linkscanfifo.o(.text)
    PropEventFifo                            0x08010f2d   Thumb Code    80  linkscanfifo.o(.text)
    LinkInit                                 0x08010f89   Thumb Code     8  linksrc.o(.text)
    LinkClr                                  0x08010f91   Thumb Code     8  linksrc.o(.text)
    CmpSampAndLinkValue                      0x08010f99   Thumb Code   130  linksrc.o(.text)
    GetConditionReverse                      0x0801101b   Thumb Code    56  linksrc.o(.text)
    GetConditionOffset                       0x08011053   Thumb Code    78  linksrc.o(.text)
    LinkSrcExe                               0x080110a1   Thumb Code   300  linksrc.o(.text)
    CheckLinkFull                            0x080111d1   Thumb Code    18  linkwrdc.o(.text)
    QueryLink                                0x080111e3   Thumb Code    22  linkwrdc.o(.text)
    QueryAllLinkFromTable                    0x080111f9   Thumb Code    64  linkwrdc.o(.text)
    ReadLinkFromTable                        0x08011239   Thumb Code    34  linkwrdc.o(.text)
    WriteLinkToTable                         0x0801125b   Thumb Code    62  linkwrdc.o(.text)
    DelAllLinkFromTable                      0x08011299   Thumb Code    46  linkwrdc.o(.text)
    DelLinkFromTable                         0x080112c7   Thumb Code    30  linkwrdc.o(.text)
    ChkLinkIsExist                           0x080112e5   Thumb Code    26  linkwrdc.o(.text)
    GetLinkNum                               0x080112ff   Thumb Code    22  linkwrdc.o(.text)
    WriteLinkItem                            0x08011315   Thumb Code    94  linkwrdc.o(.text)
    ModifyLinkItem                           0x08011373   Thumb Code    60  linkwrdc.o(.text)
    ReadLinkItem                             0x080113af   Thumb Code    48  linkwrdc.o(.text)
    QueryLinkItem                            0x080113df   Thumb Code    56  linkwrdc.o(.text)
    DelLinkItem                              0x08011417   Thumb Code    46  linkwrdc.o(.text)
    DelLinkForUnit                           0x08011445   Thumb Code   124  linkwrdc.o(.text)
    DelLinkForPropIDandVal                   0x080114c1   Thumb Code    68  linkwrdc.o(.text)
    SaveSerialNum                            0x08011509   Thumb Code    12  msgpackage.o(.text)
    Msg_Feedback                             0x08011515   Thumb Code   176  msgpackage.o(.text)
    Msg_UploadUnit                           0x0801160f   Thumb Code    62  msgpackage.o(.text)
    Msg_Upload                               0x0801164d   Thumb Code    58  msgpackage.o(.text)
    Msg_Send                                 0x08011687   Thumb Code    68  msgpackage.o(.text)
    Check_Area                               0x080116d9   Thumb Code   108  object.o(.text)
    Check_AreaEx                             0x08011745   Thumb Code    40  object.o(.text)
    Check_BandAddr                           0x0801176d   Thumb Code   116  object.o(.text)
    Object_Check                             0x0801189b   Thumb Code  1182  object.o(.text)
    Set_Scene_Attr                           0x08011d41   Thumb Code   398  scene&group.o(.text)
    Get_Scene_Attr                           0x08011ecf   Thumb Code   104  scene&group.o(.text)
    Set_Group_Attr                           0x08011f37   Thumb Code   364  scene&group.o(.text)
    Get_Group_Attr                           0x080120a3   Thumb Code    94  scene&group.o(.text)
    Sign433_SendTestFrame                    0x08012101   Thumb Code    78  sign433.o(.text)
    Sign433_SendTestFrameStream              0x0801214f   Thumb Code    28  sign433.o(.text)
    ClearRecTestStatus                       0x0801216b   Thumb Code    10  sign433.o(.text)
    Sign433_SendTestReport                   0x08012175   Thumb Code    54  sign433.o(.text)
    SI4432Test_Fail                          0x080121b5   Thumb Code    16  systestattr.o(.text)
    SI4432Test_Attr                          0x080121c5   Thumb Code    68  systestattr.o(.text)
    Upload_Attr                              0x08012229   Thumb Code    60  upload.o(.text)
    Upload_Fault                             0x08012295   Thumb Code    40  upload.o(.text)
    Upload                                   0x080122bd   Thumb Code    46  upload.o(.text)
    UserDataDownload_Init                    0x080122f9   Thumb Code    20  userdatadownload.o(.text)
    UserDataDownload_Ready                   0x0801230d   Thumb Code   244  userdatadownload.o(.text)
    UserDataFrame_Save                       0x08012401   Thumb Code   134  userdatadownload.o(.text)
    UserDataFrame_Check                      0x08012487   Thumb Code    78  userdatadownload.o(.text)
    ALinkClr                                 0x08012501   Thumb Code    62  linksimplest.o(.text)
    ALinkInit                                0x0801253f   Thumb Code    42  linksimplest.o(.text)
    ChkALinkIsExist                          0x08012569   Thumb Code    90  linksimplest.o(.text)
    GetALinkNum                              0x080125c3   Thumb Code    80  linksimplest.o(.text)
    QueryALink                               0x08012613   Thumb Code    50  linksimplest.o(.text)
    CheckALinkFull                           0x08012645   Thumb Code    18  linksimplest.o(.text)
    ReadALink                                0x08012657   Thumb Code    50  linksimplest.o(.text)
    WriteALink                               0x08012689   Thumb Code   148  linksimplest.o(.text)
    DelALink                                 0x0801271d   Thumb Code   234  linksimplest.o(.text)
    __aeabi_memclr4                          0x08012811   Thumb Code     0  rt_memclr_w.o(.text)
    __aeabi_memclr8                          0x08012811   Thumb Code     0  rt_memclr_w.o(.text)
    __rt_memclr_w                            0x08012811   Thumb Code    78  rt_memclr_w.o(.text)
    _memset_w                                0x08012815   Thumb Code     0  rt_memclr_w.o(.text)
    __use_two_region_memory                  0x0801285f   Thumb Code     2  heapauxi.o(.text)
    __rt_heap_escrow$2region                 0x08012861   Thumb Code     2  heapauxi.o(.text)
    __rt_heap_expand$2region                 0x08012863   Thumb Code     2  heapauxi.o(.text)
    __user_setup_stackheap                   0x08012865   Thumb Code    74  sys_stackheap_outer.o(.text)
    exit                                     0x080128af   Thumb Code    12  exit.o(.text)
    __user_libspace                          0x080128bd   Thumb Code     8  libspace.o(.text)
    __user_perproc_libspace                  0x080128bd   Thumb Code     0  libspace.o(.text)
    __user_perthread_libspace                0x080128bd   Thumb Code     0  libspace.o(.text)
    _sys_exit                                0x080128c5   Thumb Code     8  sys_exit.o(.text)
    __I$use$semihosting                      0x080128d1   Thumb Code     0  use_no_semi.o(.text)
    __use_no_semihosting_swi                 0x080128d1   Thumb Code     2  use_no_semi.o(.text)
    __semihosting_library_function           0x080128d3   Thumb Code     0  indicate_semi.o(.text)
    DecryptionFlash                          0x080128d5   Thumb Code    54  scene&group.o(i.DecryptionFlash)
    __aeabi_dadd                             0x08012919   Thumb Code     0  daddsub_clz.o(x$fpl$dadd)
    _dadd                                    0x08012919   Thumb Code   332  daddsub_clz.o(x$fpl$dadd)
    __aeabi_d2uiz                            0x08012a69   Thumb Code     0  dfixu.o(x$fpl$dfixu)
    _dfixu                                   0x08012a69   Thumb Code    90  dfixu.o(x$fpl$dfixu)
    __aeabi_ui2d                             0x08012ac3   Thumb Code     0  dflt_clz.o(x$fpl$dfltu)
    _dfltu                                   0x08012ac3   Thumb Code    38  dflt_clz.o(x$fpl$dfltu)
    __aeabi_dmul                             0x08012ae9   Thumb Code     0  dmul.o(x$fpl$dmul)
    _dmul                                    0x08012ae9   Thumb Code   332  dmul.o(x$fpl$dmul)
    __fpl_dnaninf                            0x08012c3d   Thumb Code   156  dnaninf.o(x$fpl$dnaninf)
    __fpl_dretinf                            0x08012cd9   Thumb Code    12  dretinf.o(x$fpl$dretinf)
    __aeabi_dsub                             0x08012ce5   Thumb Code     0  daddsub_clz.o(x$fpl$dsub)
    _dsub                                    0x08012ce5   Thumb Code   464  daddsub_clz.o(x$fpl$dsub)
    __I$use$fp                               0x08012eb8   Number         0  usenofp.o(x$fpl$usenofp)
    Si4432Cfg_Tab                            0x08012ec0   Data          21  si4432.o(.constdata)
    flashFlag                                0x08012ede   Data          23  flashsizeflag.o(.constdata)
    UnitTab                                  0x08012ef8   Data          32  unitcfg.o(.constdata)
    RS232AttrTable                           0x08012f18   Data          64  rs232attr.o(.constdata)
    SysAttrTable                             0x08012f58   Data         560  sysexeattr.o(.constdata)
    HeadCMD                                  0x08013188   Data           6  command.o(.constdata)
    TailCMD                                  0x0801318e   Data           6  command.o(.constdata)
    CRCTable                                 0x08013194   Data         512  crc.o(.constdata)
    Region$$Table$$Base                      0x08013394   Number         0  anon$$obj.o(Region$$Table)
    Region$$Table$$Limit                     0x080133b4   Number         0  anon$$obj.o(Region$$Table)
    SystemCoreClock                          0x20000000   Data           4  system_stm32f10x.o(.data)
    AHBPrescTable                            0x20000004   Data          16  system_stm32f10x.o(.data)
    TestRecFlag                              0x2000001f   Data           1  si4432.o(.data)
    Test                                     0x2000003c   Data           4  test.o(.data)
    Bound_Rate                               0x20000040   Data          48  usartx.o(.data)
    isTest                                   0x20000070   Data           9  usartx.o(.data)
    testFeedback                             0x20000079   Data          12  usartx.o(.data)
    gSendID                                  0x20000086   Data           1  rs232unit.o(.data)
    PACK_SIZE                                0x20000087   Data           1  updata.o(.data)
    err                                      0x20000088   Data           1  updata.o(.data)
    DelayID                                  0x2000008c   Data           4  object.o(.data)
    Sign433_State                            0x20000091   Data           1  sign433.o(.data)
    TestRecRSSI                              0x20000094   Data         100  si4432.o(.bss)
    gUnitData                                0x200000f8   Data          16  unitcfg.o(.bss)
    UART_Recieve                             0x20000108   Data         212  usartx.o(.bss)
    QueryRecieve                             0x200001dc   Data         203  usartx.o(.bss)
    rcv433fifo                               0x200002a8   Data          16  cmdprocess.o(.bss)
    send433fifo                              0x200002b8   Data          16  cmdprocess.o(.bss)
    rcvBuf                                   0x200002c8   Data        1024  cmdprocess.o(.bss)
    rcv_433                                  0x20000ac8   Data         264  cmdprocess.o(.bss)
    send_433                                 0x20000bd0   Data         264  cmdprocess.o(.bss)
    IAP_FLAG                                 0x20000e1c   Data          16  updata.o(.bss)
    PACK_ID                                  0x20000e2c   Data         256  updata.o(.bss)
    gSysData                                 0x20000f2c   Data          31  userdata.o(.bss)
    propfifo                                 0x20000f4c   Data          16  linkscanfifo.o(.bss)
    propbuf                                  0x20000f5c   Data         128  linkscanfifo.o(.bss)
    RData                                    0x20000fdc   Data         320  object.o(.bss)
    gSign433Comm                             0x2000111c   Data          12  sign433.o(.bss)
    UserDownload                             0x20001128   Data         140  userdatadownload.o(.bss)
    ALink                                    0x200011b4   Data        1651  linksimplest.o(.bss)
    __libspace_start                         0x20001828   Data          96  libspace.o(.bss)
    __temporary_stack_top$libspace           0x20001888   Data           0  libspace.o(.bss)



==============================================================================

Memory Map of the image

  Image Entry point : 0x0800c4ed

  Load Region LR_IROM1 (Base: 0x0800c400, Size: 0x00007048, Max: 0x00020000, ABSOLUTE)

    Execution Region ER_IROM1 (Base: 0x0800c400, Size: 0x00006fb4, Max: 0x00020000, ABSOLUTE)

    Base Addr    Size         Type   Attr      Idx    E Section Name        Object

    0x0800c400   0x000000ec   Data   RO           60    RESET               startup_stm32f10x_md.o
    0x0800c4ec   0x00000008   Code   RO         1093  * !!!main             c_w.l(__main.o)
    0x0800c4f4   0x00000034   Code   RO         1272    !!!scatter          c_w.l(__scatter.o)
    0x0800c528   0x0000001a   Code   RO         1274    !!handler_copy      c_w.l(__scatter_copy.o)
    0x0800c542   0x00000002   PAD
    0x0800c544   0x0000001c   Code   RO         1276    !!handler_zi        c_w.l(__scatter_zi.o)
    0x0800c560   0x00000002   Code   RO         1143    .ARM.Collect$$libinit$$00000000  c_w.l(libinit.o)
    0x0800c562   0x00000000   Code   RO         1150    .ARM.Collect$$libinit$$00000002  c_w.l(libinit2.o)
    0x0800c562   0x00000000   Code   RO         1152    .ARM.Collect$$libinit$$00000004  c_w.l(libinit2.o)
    0x0800c562   0x00000000   Code   RO         1155    .ARM.Collect$$libinit$$0000000A  c_w.l(libinit2.o)
    0x0800c562   0x00000000   Code   RO         1157    .ARM.Collect$$libinit$$0000000C  c_w.l(libinit2.o)
    0x0800c562   0x00000000   Code   RO         1159    .ARM.Collect$$libinit$$0000000E  c_w.l(libinit2.o)
    0x0800c562   0x00000000   Code   RO         1162    .ARM.Collect$$libinit$$00000011  c_w.l(libinit2.o)
    0x0800c562   0x00000000   Code   RO         1164    .ARM.Collect$$libinit$$00000013  c_w.l(libinit2.o)
    0x0800c562   0x00000000   Code   RO         1166    .ARM.Collect$$libinit$$00000015  c_w.l(libinit2.o)
    0x0800c562   0x00000000   Code   RO         1168    .ARM.Collect$$libinit$$00000017  c_w.l(libinit2.o)
    0x0800c562   0x00000000   Code   RO         1170    .ARM.Collect$$libinit$$00000019  c_w.l(libinit2.o)
    0x0800c562   0x00000000   Code   RO         1172    .ARM.Collect$$libinit$$0000001B  c_w.l(libinit2.o)
    0x0800c562   0x00000000   Code   RO         1174    .ARM.Collect$$libinit$$0000001D  c_w.l(libinit2.o)
    0x0800c562   0x00000000   Code   RO         1176    .ARM.Collect$$libinit$$0000001F  c_w.l(libinit2.o)
    0x0800c562   0x00000000   Code   RO         1178    .ARM.Collect$$libinit$$00000021  c_w.l(libinit2.o)
    0x0800c562   0x00000000   Code   RO         1180    .ARM.Collect$$libinit$$00000023  c_w.l(libinit2.o)
    0x0800c562   0x00000000   Code   RO         1182    .ARM.Collect$$libinit$$00000025  c_w.l(libinit2.o)
    0x0800c562   0x00000000   Code   RO         1186    .ARM.Collect$$libinit$$0000002C  c_w.l(libinit2.o)
    0x0800c562   0x00000000   Code   RO         1188    .ARM.Collect$$libinit$$0000002E  c_w.l(libinit2.o)
    0x0800c562   0x00000000   Code   RO         1190    .ARM.Collect$$libinit$$00000030  c_w.l(libinit2.o)
    0x0800c562   0x00000000   Code   RO         1192    .ARM.Collect$$libinit$$00000032  c_w.l(libinit2.o)
    0x0800c562   0x00000002   Code   RO         1193    .ARM.Collect$$libinit$$00000033  c_w.l(libinit2.o)
    0x0800c564   0x00000002   Code   RO         1213    .ARM.Collect$$libshutdown$$00000000  c_w.l(libshutdown.o)
    0x0800c566   0x00000000   Code   RO         1227    .ARM.Collect$$libshutdown$$00000003  c_w.l(libshutdown2.o)
    0x0800c566   0x00000000   Code   RO         1230    .ARM.Collect$$libshutdown$$00000006  c_w.l(libshutdown2.o)
    0x0800c566   0x00000000   Code   RO         1233    .ARM.Collect$$libshutdown$$00000009  c_w.l(libshutdown2.o)
    0x0800c566   0x00000000   Code   RO         1235    .ARM.Collect$$libshutdown$$0000000B  c_w.l(libshutdown2.o)
    0x0800c566   0x00000000   Code   RO         1238    .ARM.Collect$$libshutdown$$0000000E  c_w.l(libshutdown2.o)
    0x0800c566   0x00000002   Code   RO         1239    .ARM.Collect$$libshutdown$$0000000F  c_w.l(libshutdown2.o)
    0x0800c568   0x00000000   Code   RO         1113    .ARM.Collect$$rtentry$$00000000  c_w.l(__rtentry.o)
    0x0800c568   0x00000000   Code   RO         1120    .ARM.Collect$$rtentry$$00000002  c_w.l(__rtentry2.o)
    0x0800c568   0x00000006   Code   RO         1132    .ARM.Collect$$rtentry$$00000004  c_w.l(__rtentry4.o)
    0x0800c56e   0x00000000   Code   RO         1122    .ARM.Collect$$rtentry$$00000009  c_w.l(__rtentry2.o)
    0x0800c56e   0x00000004   Code   RO         1123    .ARM.Collect$$rtentry$$0000000A  c_w.l(__rtentry2.o)
    0x0800c572   0x00000000   Code   RO         1125    .ARM.Collect$$rtentry$$0000000C  c_w.l(__rtentry2.o)
    0x0800c572   0x00000008   Code   RO         1126    .ARM.Collect$$rtentry$$0000000D  c_w.l(__rtentry2.o)
    0x0800c57a   0x00000002   Code   RO         1147    .ARM.Collect$$rtexit$$00000000  c_w.l(rtexit.o)
    0x0800c57c   0x00000000   Code   RO         1195    .ARM.Collect$$rtexit$$00000002  c_w.l(rtexit2.o)
    0x0800c57c   0x00000004   Code   RO         1196    .ARM.Collect$$rtexit$$00000003  c_w.l(rtexit2.o)
    0x0800c580   0x00000006   Code   RO         1197    .ARM.Collect$$rtexit$$00000004  c_w.l(rtexit2.o)
    0x0800c586   0x00000002   PAD
    0x0800c588   0x000001e4   Code   RO            1    .text               system_stm32f10x.o
    0x0800c76c   0x0000003c   Code   RO           61    .text               startup_stm32f10x_md.o
    0x0800c7a8   0x00000084   Code   RO           66    .text               devicereset.o
    0x0800c82c   0x00000210   Code   RO           94    .text               flash.o
    0x0800ca3c   0x000000a4   Code   RO          114    .text               gpio.o
    0x0800cae0   0x0000039e   Code   RO          126    .text               i2c.o
    0x0800ce7e   0x00000002   PAD
    0x0800ce80   0x0000012c   Code   RO          141    .text               instruct.o
    0x0800cfac   0x00000214   Code   RO          157    .text               program.o
    0x0800d1c0   0x0000096c   Code   RO          177    .text               si4432.o
    0x0800db2c   0x00000138   Code   RO          227    .text               spi.o
    0x0800dc64   0x00000174   Code   RO          243    .text               sys.o
    0x0800ddd8   0x00000104   Code   RO          258    .text               syshard.o
    0x0800dedc   0x00000070   Code   RO          276    .text               systick.o
    0x0800df4c   0x00000060   Code   RO          290    .text               test.o
    0x0800dfac   0x00000114   Code   RO          311    .text               usart.o
    0x0800e0c0   0x00000054   Code   RO          326    .text               wdg.o
    0x0800e114   0x00000010   Code   RO          341    .text               flashsizeflag.o
    0x0800e124   0x00000040   Code   RO          356    .text               main.o
    0x0800e164   0x0000003c   Code   RO          376    .text               unitcfg.o
    0x0800e1a0   0x00000334   Code   RO          403    .text               usartx.o
    0x0800e4d4   0x00000214   Code   RO          429    .text               rs232unit.o
    0x0800e6e8   0x0000015c   Code   RO          450    .text               rs232attr.o
    0x0800e844   0x00000100   Code   RO          472    .text               BestFu_STM32F10X_10128.lib(bestfulib.o)
    0x0800e944   0x000002a8   Code   RO          487    .text               BestFu_STM32F10X_10128.lib(cmdprocess.o)
    0x0800ebec   0x00000034   Code   RO          545    .text               BestFu_STM32F10X_10128.lib(delay.o)
    0x0800ec20   0x00000050   Code   RO          570    .text               BestFu_STM32F10X_10128.lib(faultmanage.o)
    0x0800ec70   0x00000296   Code   RO          591    .text               BestFu_STM32F10X_10128.lib(fifo.o)
    0x0800ef06   0x00000002   PAD
    0x0800ef08   0x000001a8   Code   RO          603    .text               BestFu_STM32F10X_10128.lib(sign433attr.o)
    0x0800f0b0   0x0000099c   Code   RO          643    .text               BestFu_STM32F10X_10128.lib(sysexeattr.o)
    0x0800fa4c   0x00000328   Code   RO          708    .text               BestFu_STM32F10X_10128.lib(thread.o)
    0x0800fd74   0x00000214   Code   RO          722    .text               BestFu_STM32F10X_10128.lib(unitshare_attr.o)
    0x0800ff88   0x00000244   Code   RO          741    .text               BestFu_STM32F10X_10128.lib(updata.o)
    0x080101cc   0x000007c4   Code   RO          760    .text               BestFu_STM32F10X_10128.lib(userdata.o)
    0x08010990   0x0000016c   Code   RO          813    .text               BestFu_STM32F10X_10128.lib(command.o)
    0x08010afc   0x00000070   Code   RO          831    .text               BestFu_STM32F10X_10128.lib(crc.o)
    0x08010b6c   0x00000166   Code   RO          846    .text               BestFu_STM32F10X_10128.lib(eeprom.o)
    0x08010cd2   0x00000002   PAD
    0x08010cd4   0x0000021c   Code   RO          864    .text               BestFu_STM32F10X_10128.lib(flashattr.o)
    0x08010ef0   0x00000098   Code   RO          878    .text               BestFu_STM32F10X_10128.lib(linkscanfifo.o)
    0x08010f88   0x00000248   Code   RO          893    .text               BestFu_STM32F10X_10128.lib(linksrc.o)
    0x080111d0   0x00000338   Code   RO          905    .text               BestFu_STM32F10X_10128.lib(linkwrdc.o)
    0x08011508   0x000001d0   Code   RO          924    .text               BestFu_STM32F10X_10128.lib(msgpackage.o)
    0x080116d8   0x00000668   Code   RO          940    .text               BestFu_STM32F10X_10128.lib(object.o)
    0x08011d40   0x000003c0   Code   RO          970    .text               BestFu_STM32F10X_10128.lib(scene&group.o)
    0x08012100   0x000000b4   Code   RO          992    .text               BestFu_STM32F10X_10128.lib(sign433.o)
    0x080121b4   0x00000064   Code   RO         1012    .text               BestFu_STM32F10X_10128.lib(systestattr.o)
    0x08012218   0x000000e0   Code   RO         1031    .text               BestFu_STM32F10X_10128.lib(upload.o)
    0x080122f8   0x00000208   Code   RO         1045    .text               BestFu_STM32F10X_10128.lib(userdatadownload.o)
    0x08012500   0x00000310   Code   RO         1063    .text               BestFu_STM32F10X_10128.lib(linksimplest.o)
    0x08012810   0x0000004e   Code   RO         1089    .text               c_w.l(rt_memclr_w.o)
    0x0801285e   0x00000006   Code   RO         1091    .text               c_w.l(heapauxi.o)
    0x08012864   0x0000004a   Code   RO         1134    .text               c_w.l(sys_stackheap_outer.o)
    0x080128ae   0x0000000c   Code   RO         1136    .text               c_w.l(exit.o)
    0x080128ba   0x00000002   PAD
    0x080128bc   0x00000008   Code   RO         1144    .text               c_w.l(libspace.o)
    0x080128c4   0x0000000c   Code   RO         1205    .text               c_w.l(sys_exit.o)
    0x080128d0   0x00000002   Code   RO         1216    .text               c_w.l(use_no_semi.o)
    0x080128d2   0x00000000   Code   RO         1218    .text               c_w.l(indicate_semi.o)
    0x080128d2   0x00000002   PAD
    0x080128d4   0x00000044   Code   RO          979    i.DecryptionFlash   BestFu_STM32F10X_10128.lib(scene&group.o)
    0x08012918   0x00000150   Code   RO         1095    x$fpl$dadd          fz_ws.l(daddsub_clz.o)
    0x08012a68   0x0000005a   Code   RO         1101    x$fpl$dfixu         fz_ws.l(dfixu.o)
    0x08012ac2   0x00000026   Code   RO         1105    x$fpl$dfltu         fz_ws.l(dflt_clz.o)
    0x08012ae8   0x00000154   Code   RO         1111    x$fpl$dmul          fz_ws.l(dmul.o)
    0x08012c3c   0x0000009c   Code   RO         1114    x$fpl$dnaninf       fz_ws.l(dnaninf.o)
    0x08012cd8   0x0000000c   Code   RO         1116    x$fpl$dretinf       fz_ws.l(dretinf.o)
    0x08012ce4   0x000001d4   Code   RO         1097    x$fpl$dsub          fz_ws.l(daddsub_clz.o)
    0x08012eb8   0x00000000   Code   RO         1118    x$fpl$usenofp       fz_ws.l(usenofp.o)
    0x08012eb8   0x00000008   Data   RO          158    .constdata          program.o
    0x08012ec0   0x0000001e   Data   RO          179    .constdata          si4432.o
    0x08012ede   0x00000017   Data   RO          342    .constdata          flashsizeflag.o
    0x08012ef5   0x00000003   PAD
    0x08012ef8   0x00000020   Data   RO          378    .constdata          unitcfg.o
    0x08012f18   0x00000040   Data   RO          451    .constdata          rs232attr.o
    0x08012f58   0x00000230   Data   RO          644    .constdata          BestFu_STM32F10X_10128.lib(sysexeattr.o)
    0x08013188   0x0000000c   Data   RO          814    .constdata          BestFu_STM32F10X_10128.lib(command.o)
    0x08013194   0x00000200   Data   RO          832    .constdata          BestFu_STM32F10X_10128.lib(crc.o)
    0x08013394   0x00000020   Data   RO         1270    Region$$Table       anon$$obj.o


    Execution Region RW_IRAM1 (Base: 0x20000000, Size: 0x00002488, Max: 0x00005000, ABSOLUTE)

    Base Addr    Size         Type   Attr      Idx    E Section Name        Object

    0x20000000   0x00000014   Data   RW            2    .data               system_stm32f10x.o
    0x20000014   0x00000004   Data   RW           67    .data               devicereset.o
    0x20000018   0x00000004   Data   RW          142    .data               instruct.o
    0x2000001c   0x00000018   Data   RW          180    .data               si4432.o
    0x20000034   0x00000008   Data   RW          277    .data               systick.o
    0x2000003c   0x00000004   Data   RW          291    .data               test.o
    0x20000040   0x00000046   Data   RW          405    .data               usartx.o
    0x20000086   0x00000001   Data   RW          430    .data               rs232unit.o
    0x20000087   0x00000002   Data   RW          743    .data               BestFu_STM32F10X_10128.lib(updata.o)
    0x20000089   0x00000001   Data   RW          762    .data               BestFu_STM32F10X_10128.lib(userdata.o)
    0x2000008a   0x00000002   Data   RW          865    .data               BestFu_STM32F10X_10128.lib(flashattr.o)
    0x2000008c   0x00000005   Data   RW          942    .data               BestFu_STM32F10X_10128.lib(object.o)
    0x20000091   0x00000002   Data   RW          994    .data               BestFu_STM32F10X_10128.lib(sign433.o)
    0x20000093   0x00000001   Data   RW         1032    .data               BestFu_STM32F10X_10128.lib(upload.o)
    0x20000094   0x00000064   Zero   RW          178    .bss                si4432.o
    0x200000f8   0x00000010   Zero   RW          377    .bss                unitcfg.o
    0x20000108   0x0000019f   Zero   RW          404    .bss                usartx.o
    0x200002a7   0x00000001   PAD
    0x200002a8   0x00000a30   Zero   RW          488    .bss                BestFu_STM32F10X_10128.lib(cmdprocess.o)
    0x20000cd8   0x00000144   Zero   RW          709    .bss                BestFu_STM32F10X_10128.lib(thread.o)
    0x20000e1c   0x00000110   Zero   RW          742    .bss                BestFu_STM32F10X_10128.lib(updata.o)
    0x20000f2c   0x0000001f   Zero   RW          761    .bss                BestFu_STM32F10X_10128.lib(userdata.o)
    0x20000f4b   0x00000001   PAD
    0x20000f4c   0x00000090   Zero   RW          879    .bss                BestFu_STM32F10X_10128.lib(linkscanfifo.o)
    0x20000fdc   0x00000140   Zero   RW          941    .bss                BestFu_STM32F10X_10128.lib(object.o)
    0x2000111c   0x0000000c   Zero   RW          993    .bss                BestFu_STM32F10X_10128.lib(sign433.o)
    0x20001128   0x0000008c   Zero   RW         1046    .bss                BestFu_STM32F10X_10128.lib(userdatadownload.o)
    0x200011b4   0x00000673   Zero   RW         1064    .bss                BestFu_STM32F10X_10128.lib(linksimplest.o)
    0x20001827   0x00000001   PAD
    0x20001828   0x00000060   Zero   RW         1145    .bss                c_w.l(libspace.o)
    0x20001888   0x00000000   Zero   RW           59    HEAP                startup_stm32f10x_md.o
    0x20001888   0x00000c00   Zero   RW           58    STACK               startup_stm32f10x_md.o


==============================================================================

Image component sizes


      Code (inc. data)   RO Data    RW Data    ZI Data      Debug   Object Name

       132         12          0          4          0       1564   devicereset.o
       528         18          0          0          0       2995   flash.o
        16          6         23          0          0       1156   flashsizeflag.o
       164          8          0          0          0       1757   gpio.o
       926          0          0          0          0       3597   i2c.o
       300         10          0          4          0       1707   instruct.o
        64         10          0          0          0       1575   main.o
       532         26          8          0          0       3619   program.o
       348         24         64          0          0       3117   rs232attr.o
       532         16          0          1          0       3289   rs232unit.o
      2412        128         30         24        100       7987   si4432.o
       312         16          0          0          0       1009   spi.o
        60         22        236          0       3072        840   startup_stm32f10x_md.o
       372         32          0          0          0       1521   sys.o
       260         16          0          0          0        958   syshard.o
       484         42          0         20          0     212250   system_stm32f10x.o
       112         14          0          8          0       1371   systick.o
        96         10          0          4          0        751   test.o
        60          8         32          0         16       2996   unitcfg.o
       276         20          0          0          0       1687   usart.o
       820         38          0         70        415       4851   usartx.o
        84          6          0          0          0       1409   wdg.o

    ----------------------------------------------------------------------
      8892        482        428        135       3604     262006   Object Totals
         0          0         32          0          0          0   (incl. Generated)
         2          0          3          0          1          0   (incl. Padding)

    ----------------------------------------------------------------------

      Code (inc. data)   RO Data    RW Data    ZI Data      Debug   Library Member Name

       256          0          0          0          0       2426   bestfulib.o
       680         62          0          0       2608      10745   cmdprocess.o
       364          8         12          0          0       1680   command.o
       112          4        512          0          0       1555   crc.o
        52          0          0          0          0        656   delay.o
       358          0          0          0          0       1935   eeprom.o
        80          6          0          0          0       1559   faultmanage.o
       662          0          0          0          0       3910   fifo.o
       540         38          0          2          0       2791   flashattr.o
       152         12          0          0        144       1677   linkscanfifo.o
       784         10          0          0       1651       5042   linksimplest.o
       584         34          0          0          0       2097   linksrc.o
       824          4          0          0          0       6204   linkwrdc.o
       464         14          0          0          0       2668   msgpackage.o
      1640         48          0          5        320       4728   object.o
      1028         14          0          0          0       3428   scene&group.o
       180         10          0          2         12       2377   sign433.o
       424         26          0          0          0       7965   sign433attr.o
      2460         44        560          0          0      12957   sysexeattr.o
       100         16          0          0          0        726   systestattr.o
       808          6          0          0        324       3317   thread.o
       532         10          0          0          0       2284   unitshare_attr.o
       580         26          0          2        272       3473   updata.o
       224         14          0          1          0       1278   upload.o
      1988         32          0          1         31      12789   userdata.o
       520         44          0          0        140       2369   userdatadownload.o
         8          0          0          0          0         68   __main.o
         0          0          0          0          0          0   __rtentry.o
        12          0          0          0          0          0   __rtentry2.o
         6          0          0          0          0          0   __rtentry4.o
        52          8          0          0          0          0   __scatter.o
        26          0          0          0          0          0   __scatter_copy.o
        28          0          0          0          0          0   __scatter_zi.o
        12          0          0          0          0         72   exit.o
         6          0          0          0          0        152   heapauxi.o
         0          0          0          0          0          0   indicate_semi.o
         2          0          0          0          0          0   libinit.o
         2          0          0          0          0          0   libinit2.o
         2          0          0          0          0          0   libshutdown.o
         2          0          0          0          0          0   libshutdown2.o
         8          4          0          0         96         68   libspace.o
        78          0          0          0          0         80   rt_memclr_w.o
         2          0          0          0          0          0   rtexit.o
        10          0          0          0          0          0   rtexit2.o
        12          4          0          0          0         68   sys_exit.o
        74          0          0          0          0         80   sys_stackheap_outer.o
         2          0          0          0          0         68   use_no_semi.o
       804         16          0          0          0        272   daddsub_clz.o
        90          4          0          0          0         92   dfixu.o
        38          0          0          0          0         68   dflt_clz.o
       340         12          0          0          0        104   dmul.o
       156          4          0          0          0         92   dnaninf.o
        12          0          0          0          0         68   dretinf.o
         0          0          0          0          0          0   usenofp.o

    ----------------------------------------------------------------------
     18192        534       1084         13       5600     103988   Library Totals
        12          0          0          0          2          0   (incl. Padding)

    ----------------------------------------------------------------------

      Code (inc. data)   RO Data    RW Data    ZI Data      Debug   Library Name

     16396        482       1084         13       5502     102636   BestFu_STM32F10X_10128.lib
       344         16          0          0         96        656   c_w.l
      1440         36          0          0          0        696   fz_ws.l

    ----------------------------------------------------------------------
     18192        534       1084         13       5600     103988   Library Totals

    ----------------------------------------------------------------------

==============================================================================


      Code (inc. data)   RO Data    RW Data    ZI Data      Debug   

     27084       1016       1512        148       9204     361882   Grand Totals
     27084       1016       1512        148       9204     361882   ELF Image Totals
     27084       1016       1512        148          0          0   ROM Totals

==============================================================================

    Total RO  Size (Code + RO Data)                28596 (  27.93kB)
    Total RW  Size (RW Data + ZI Data)              9352 (   9.13kB)
    Total ROM Size (Code + RO Data + RW Data)      28744 (  28.07kB)

==============================================================================

